Archive member included to satisfy reference by file (symbol)

/usr/lib/gcc/arm-none-eabi/10.3.1/../../../arm-none-eabi/lib/thumb/v7e-m+fp/hard/libc_nano.a(lib_a-atexit.o)
                              /usr/lib/gcc/arm-none-eabi/10.3.1/../../../arm-none-eabi/lib/thumb/v7e-m+fp/hard/crt0.o (atexit)
/usr/lib/gcc/arm-none-eabi/10.3.1/../../../arm-none-eabi/lib/thumb/v7e-m+fp/hard/libc_nano.a(lib_a-errno.o)
                              build/sysmem.o (__errno)
/usr/lib/gcc/arm-none-eabi/10.3.1/../../../arm-none-eabi/lib/thumb/v7e-m+fp/hard/libc_nano.a(lib_a-exit.o)
                              /usr/lib/gcc/arm-none-eabi/10.3.1/../../../arm-none-eabi/lib/thumb/v7e-m+fp/hard/crt0.o (exit)
/usr/lib/gcc/arm-none-eabi/10.3.1/../../../arm-none-eabi/lib/thumb/v7e-m+fp/hard/libc_nano.a(lib_a-fini.o)
                              /usr/lib/gcc/arm-none-eabi/10.3.1/../../../arm-none-eabi/lib/thumb/v7e-m+fp/hard/crt0.o (__libc_fini_array)
/usr/lib/gcc/arm-none-eabi/10.3.1/../../../arm-none-eabi/lib/thumb/v7e-m+fp/hard/libc_nano.a(lib_a-impure.o)
                              /usr/lib/gcc/arm-none-eabi/10.3.1/../../../arm-none-eabi/lib/thumb/v7e-m+fp/hard/libc_nano.a(lib_a-exit.o) (_global_impure_ptr)
/usr/lib/gcc/arm-none-eabi/10.3.1/../../../arm-none-eabi/lib/thumb/v7e-m+fp/hard/libc_nano.a(lib_a-init.o)
                              /usr/lib/gcc/arm-none-eabi/10.3.1/../../../arm-none-eabi/lib/thumb/v7e-m+fp/hard/crt0.o (__libc_init_array)
/usr/lib/gcc/arm-none-eabi/10.3.1/../../../arm-none-eabi/lib/thumb/v7e-m+fp/hard/libc_nano.a(lib_a-memcpy.o)
                              build/stm32-ffb-pro.o (memcpy)
/usr/lib/gcc/arm-none-eabi/10.3.1/../../../arm-none-eabi/lib/thumb/v7e-m+fp/hard/libc_nano.a(lib_a-memset.o)
                              /usr/lib/gcc/arm-none-eabi/10.3.1/../../../arm-none-eabi/lib/thumb/v7e-m+fp/hard/crt0.o (memset)
/usr/lib/gcc/arm-none-eabi/10.3.1/../../../arm-none-eabi/lib/thumb/v7e-m+fp/hard/libc_nano.a(lib_a-printf.o)
                              build/usbd_core.o (printf)
/usr/lib/gcc/arm-none-eabi/10.3.1/../../../arm-none-eabi/lib/thumb/v7e-m+fp/hard/libc_nano.a(lib_a-putchar.o)
                              build/usbd_core.o (putchar)
/usr/lib/gcc/arm-none-eabi/10.3.1/../../../arm-none-eabi/lib/thumb/v7e-m+fp/hard/libc_nano.a(lib_a-__atexit.o)
                              /usr/lib/gcc/arm-none-eabi/10.3.1/../../../arm-none-eabi/lib/thumb/v7e-m+fp/hard/libc_nano.a(lib_a-atexit.o) (__register_exitproc)
/usr/lib/gcc/arm-none-eabi/10.3.1/../../../arm-none-eabi/lib/thumb/v7e-m+fp/hard/libc_nano.a(lib_a-__call_atexit.o)
                              /usr/lib/gcc/arm-none-eabi/10.3.1/../../../arm-none-eabi/lib/thumb/v7e-m+fp/hard/libc_nano.a(lib_a-__atexit.o) (__call_exitprocs)
/usr/lib/gcc/arm-none-eabi/10.3.1/../../../arm-none-eabi/lib/thumb/v7e-m+fp/hard/libc_nano.a(lib_a-findfp.o)
                              /usr/lib/gcc/arm-none-eabi/10.3.1/../../../arm-none-eabi/lib/thumb/v7e-m+fp/hard/libc_nano.a(lib_a-printf.o) (__sinit)
/usr/lib/gcc/arm-none-eabi/10.3.1/../../../arm-none-eabi/lib/thumb/v7e-m+fp/hard/libc_nano.a(lib_a-fwalk.o)
                              /usr/lib/gcc/arm-none-eabi/10.3.1/../../../arm-none-eabi/lib/thumb/v7e-m+fp/hard/libc_nano.a(lib_a-findfp.o) (_fwalk)
/usr/lib/gcc/arm-none-eabi/10.3.1/../../../arm-none-eabi/lib/thumb/v7e-m+fp/hard/libc_nano.a(lib_a-nano-mallocr.o)
                              /usr/lib/gcc/arm-none-eabi/10.3.1/../../../arm-none-eabi/lib/thumb/v7e-m+fp/hard/libc_nano.a(lib_a-findfp.o) (_malloc_r)
/usr/lib/gcc/arm-none-eabi/10.3.1/../../../arm-none-eabi/lib/thumb/v7e-m+fp/hard/libc_nano.a(lib_a-nano-vfprintf.o)
                              /usr/lib/gcc/arm-none-eabi/10.3.1/../../../arm-none-eabi/lib/thumb/v7e-m+fp/hard/libc_nano.a(lib_a-printf.o) (_vfprintf_r)
/usr/lib/gcc/arm-none-eabi/10.3.1/../../../arm-none-eabi/lib/thumb/v7e-m+fp/hard/libc_nano.a(lib_a-nano-vfprintf_i.o)
                              /usr/lib/gcc/arm-none-eabi/10.3.1/../../../arm-none-eabi/lib/thumb/v7e-m+fp/hard/libc_nano.a(lib_a-nano-vfprintf.o) (_printf_i)
/usr/lib/gcc/arm-none-eabi/10.3.1/../../../arm-none-eabi/lib/thumb/v7e-m+fp/hard/libc_nano.a(lib_a-putc.o)
                              /usr/lib/gcc/arm-none-eabi/10.3.1/../../../arm-none-eabi/lib/thumb/v7e-m+fp/hard/libc_nano.a(lib_a-putchar.o) (_putc_r)
/usr/lib/gcc/arm-none-eabi/10.3.1/../../../arm-none-eabi/lib/thumb/v7e-m+fp/hard/libc_nano.a(lib_a-sbrkr.o)
                              /usr/lib/gcc/arm-none-eabi/10.3.1/../../../arm-none-eabi/lib/thumb/v7e-m+fp/hard/libc_nano.a(lib_a-nano-mallocr.o) (_sbrk_r)
/usr/lib/gcc/arm-none-eabi/10.3.1/../../../arm-none-eabi/lib/thumb/v7e-m+fp/hard/libc_nano.a(lib_a-stdio.o)
                              /usr/lib/gcc/arm-none-eabi/10.3.1/../../../arm-none-eabi/lib/thumb/v7e-m+fp/hard/libc_nano.a(lib_a-findfp.o) (__sread)
/usr/lib/gcc/arm-none-eabi/10.3.1/../../../arm-none-eabi/lib/thumb/v7e-m+fp/hard/libc_nano.a(lib_a-wbuf.o)
[...]
Memory Configuration

Name             Origin             Length             Attributes
RAM              0x0000000020000000 0x0000000000020000 xrw
FLASH            0x0000000008000000 0x0000000000080000 xr
*default*        0x0000000000000000 0xffffffffffffffff

Linker script and memory map

LOAD /usr/lib/gcc/arm-none-eabi/10.3.1/thumb/v7e-m+fp/hard/crti.o
LOAD /usr/lib/gcc/arm-none-eabi/10.3.1/thumb/v7e-m+fp/hard/crtbegin.o
LOAD /usr/lib/gcc/arm-none-eabi/10.3.1/../../../arm-none-eabi/lib/thumb/v7e-m+fp/hard/crt0.o
LOAD build/main.o
LOAD build/gpio.o
LOAD build/dma.o
LOAD build/tim.o
LOAD build/usart.o
LOAD build/stm32f4xx_it.o
LOAD build/stm32f4xx_hal_msp.o
LOAD build/stm32-ffb-pro.o
LOAD build/usbd_force_feedback_desc.o
LOAD build/stm32f4xx_hal_tim.o
LOAD build/stm32f4xx_hal_tim_ex.o
LOAD build/stm32f4xx_hal_rcc.o
LOAD build/stm32f4xx_hal_rcc_ex.o
LOAD build/stm32f4xx_hal_flash.o
LOAD build/stm32f4xx_hal_flash_ex.o
LOAD build/stm32f4xx_hal_flash_ramfunc.o
LOAD build/stm32f4xx_hal_gpio.o
LOAD build/stm32f4xx_hal_dma_ex.o
LOAD build/stm32f4xx_hal_dma.o
LOAD build/stm32f4xx_hal_pwr.o
LOAD build/stm32f4xx_hal_pwr_ex.o
LOAD build/stm32f4xx_hal_cortex.o
LOAD build/stm32f4xx_hal.o
LOAD build/stm32f4xx_hal_exti.o
LOAD build/stm32f4xx_hal_uart.o
LOAD build/stm32f4xx_hal_pcd.o
LOAD build/stm32f4xx_hal_pcd_ex.o
LOAD build/stm32f4xx_ll_usb.o
LOAD build/system_stm32f4xx.o
LOAD build/sysmem.o
LOAD build/syscalls.o
LOAD build/usb_device.o
LOAD build/usbd_conf.o
LOAD build/usbd_desc.o
LOAD build/usbd_core.o
LOAD build/usbd_ctlreq.o
LOAD build/usbd_ioreq.o
LOAD build/usbd_hid.o
LOAD build/startup_stm32f411xe.o
LOAD /usr/lib/gcc/arm-none-eabi/10.3.1/../../../arm-none-eabi/lib/thumb/v7e-m+fp/hard/libc_nano.a
LOAD /usr/lib/gcc/arm-none-eabi/10.3.1/../../../arm-none-eabi/lib/thumb/v7e-m+fp/hard/libm.a
LOAD /usr/lib/gcc/arm-none-eabi/10.3.1/../../../arm-none-eabi/lib/thumb/v7e-m+fp/hard/libnosys.a
START GROUP
LOAD /usr/lib/gcc/arm-none-eabi/10.3.1/thumb/v7e-m+fp/hard/libgcc.a
LOAD /usr/lib/gcc/arm-none-eabi/10.3.1/../../../arm-none-eabi/lib/thumb/v7e-m+fp/hard/libc_nano.a
END GROUP
START GROUP
LOAD /usr/lib/gcc/arm-none-eabi/10.3.1/thumb/v7e-m+fp/hard/libgcc.a
LOAD /usr/lib/gcc/arm-none-eabi/10.3.1/../../../arm-none-eabi/lib/thumb/v7e-m+fp/hard/libc_nano.a
END GROUP
LOAD /usr/lib/gcc/arm-none-eabi/10.3.1/thumb/v7e-m+fp/hard/crtend.o
LOAD /usr/lib/gcc/arm-none-eabi/10.3.1/thumb/v7e-m+fp/hard/crtn.o
                0x0000000020020000                _estack = (ORIGIN (RAM) + LENGTH (RAM))
                0x0000000000000200                _Min_Heap_Size = 0x200
                0x0000000000000400                _Min_Stack_Size = 0x400

.isr_vector     0x0000000008000000      0x198
                0x0000000008000000                . = ALIGN (0x4)
 *(.isr_vector)
 .isr_vector    0x0000000008000000      0x198 build/startup_stm32f411xe.o
                0x0000000008000000                g_pfnVectors
                0x0000000008000198                . = ALIGN (0x4)

.text           0x00000000080001a0     0x6c40
                0x00000000080001a0                . = ALIGN (0x4)
 *(.text)
 .text          0x00000000080001a0       0x88 /usr/lib/gcc/arm-none-eabi/10.3.1/thumb/v7e-m+fp/hard/crtbegin.o
 .text          0x0000000008000228        0xc /usr/lib/gcc/arm-none-eabi/10.3.1/../../../arm-none-eabi/lib/thumb/v7e-m+fp/hard/libc_nano.a(lib_a-errno.o)
                0x0000000008000228                __errno
 .text          0x0000000008000234       0x48 /usr/lib/gcc/arm-none-eabi/10.3.1/../../../arm-none-eabi/lib/thumb/v7e-m+fp/hard/libc_nano.a(lib_a-init.o)
                0x0000000008000234                __libc_init_array
 .text          0x000000000800027c      0x134 /usr/lib/gcc/arm-none-eabi/10.3.1/../../../arm-none-eabi/lib/thumb/v7e-m+fp/hard/libc_nano.a(lib_a-memcpy.o)
                0x000000000800027c                memcpy
 .text          0x00000000080003b0       0xa4 /usr/lib/gcc/arm-none-eabi/10.3.1/../../../arm-none-eabi/lib/thumb/v7e-m+fp/hard/libc_nano.a(lib_a-memset.o)
                0x00000000080003b0                memset
 .text          0x0000000008000454       0x60 /usr/lib/gcc/arm-none-eabi/10.3.1/../../../arm-none-eabi/lib/thumb/v7e-m+fp/hard/libc_nano.a(lib_a-printf.o)
                0x0000000008000454                _printf_r
                0x0000000008000454                _iprintf_r
                0x0000000008000480                printf
                0x0000000008000480                iprintf
 .text          0x00000000080004b4       0x54 /usr/lib/gcc/arm-none-eabi/10.3.1/../../../arm-none-eabi/lib/thumb/v7e-m+fp/hard/libc_nano.a(lib_a-putchar.o)
                0x00000000080004b4                _putchar_r
                0x00000000080004d8                putchar
 .text          0x0000000008000508      0x238 /usr/lib/gcc/arm-none-eabi/10.3.1/../../../arm-none-eabi/lib/thumb/v7e-m+fp/hard/libc_nano.a(lib_a-findfp.o)
                0x000000000800050c                _cleanup_r
                0x000000000800051c                __sfmoreglue
                0x000000000800054c                __sfp
                0x00000000080006ec                _cleanup
                0x0000000008000700                __sinit
                0x0000000008000708                __sfp_lock_acquire
                0x000000000800070c                __sfp_lock_release
                0x0000000008000710                __sinit_lock_acquire
                0x0000000008000714                __sinit_lock_release
                0x0000000008000718                __fp_lock_all
                0x000000000800072c                __fp_unlock_all
 .text          0x0000000008000740       0x88 /usr/lib/gcc/arm-none-eabi/10.3.1/../../../arm-none-eabi/lib/thumb/v7e-m+fp/hard/libc_nano.a(lib_a-fwalk.o)
                0x0000000008000740                _fwalk
                0x0000000008000780                _fwalk_reent
 .text          0x00000000080007c8       0xb4 /usr/lib/gcc/arm-none-eabi/10.3.1/../../../arm-none-eabi/lib/thumb/v7e-m+fp/hard/libc_nano.a(lib_a-nano-mallocr.o)
                0x00000000080007c8                _malloc_r
 .text          0x000000000800087c      0x328 /usr/lib/gcc/arm-none-eabi/10.3.1/../../../arm-none-eabi/lib/thumb/v7e-m+fp/hard/libc_nano.a(lib_a-nano-vfprintf.o)
                0x00000000080008b8                __sfputs_r
                0x00000000080008e8                __sprint_r
                0x0000000008000904                _vfiprintf_r
                0x0000000008000904                _vfprintf_r
                0x0000000008000b88                vfiprintf
                0x0000000008000b88                vfprintf
 .text          0x0000000008000ba4      0x3dc /usr/lib/gcc/arm-none-eabi/10.3.1/../../../arm-none-eabi/lib/thumb/v7e-m+fp/hard/libc_nano.a(lib_a-nano-vfprintf_i.o)
                0x0000000008000ba4                _printf_common
                0x0000000008000cd0                _printf_i
 .text          0x0000000008000f80      0x110 /usr/lib/gcc/arm-none-eabi/10.3.1/../../../arm-none-eabi/lib/thumb/v7e-m+fp/hard/libc_nano.a(lib_a-putc.o)
                0x0000000008000f80                _putc_r
                0x0000000008001004                putc
 .text          0x0000000008001090       0x24 /usr/lib/gcc/arm-none-eabi/10.3.1/../../../arm-none-eabi/lib/thumb/v7e-m+fp/hard/libc_nano.a(lib_a-sbrkr.o)
                0x0000000008001090                _sbrk_r
 .text          0x00000000080010b4       0x90 /usr/lib/gcc/arm-none-eabi/10.3.1/../../../arm-none-eabi/lib/thumb/v7e-m+fp/hard/libc_nano.a(lib_a-stdio.o)
                0x00000000080010b4                __sread
                0x00000000080010d8                __seofread
                0x00000000080010dc                __swrite
                0x000000000800111c                __sseek
                0x000000000800113c                __sclose
 .text          0x0000000008001144       0xc8 /usr/lib/gcc/arm-none-eabi/10.3.1/../../../arm-none-eabi/lib/thumb/v7e-m+fp/hard/libc_nano.a(lib_a-wbuf.o)
                0x0000000008001144                __swbuf_r
                0x00000000080011f4                __swbuf
 .text          0x000000000800120c       0x2c /usr/lib/gcc/arm-none-eabi/10.3.1/../../../arm-none-eabi/lib/thumb/v7e-m+fp/hard/libc_nano.a(lib_a-writer.o)
                0x000000000800120c                _write_r
 .text          0x0000000008001238      0x104 /usr/lib/gcc/arm-none-eabi/10.3.1/../../../arm-none-eabi/lib/thumb/v7e-m+fp/hard/libc_nano.a(lib_a-wsetup.o)
                0x0000000008001238                __swsetup_r
 .text          0x000000000800133c       0x24 /usr/lib/gcc/arm-none-eabi/10.3.1/../../../arm-none-eabi/lib/thumb/v7e-m+fp/hard/libc_nano.a(lib_a-closer.o)
                0x000000000800133c                _close_r
 .text          0x0000000008001360      0x1e8 /usr/lib/gcc/arm-none-eabi/10.3.1/../../../arm-none-eabi/lib/thumb/v7e-m+fp/hard/libc_nano.a(lib_a-fflush.o)
                0x0000000008001360                __sflush_r
                0x0000000008001474                _fflush_r
                0x00000000080014c8                fflush
 .text          0x0000000008001548      0x2f0 /usr/lib/gcc/arm-none-eabi/10.3.1/../../../arm-none-eabi/lib/thumb/v7e-m+fp/hard/libc_nano.a(lib_a-fvwrite.o)
                0x0000000008001548                __sfvwrite_r
 .text          0x0000000008001838       0x2c /usr/lib/gcc/arm-none-eabi/10.3.1/../../../arm-none-eabi/lib/thumb/v7e-m+fp/hard/libc_nano.a(lib_a-lseekr.o)
                0x0000000008001838                _lseek_r
 .text          0x0000000008001864      0x11c /usr/lib/gcc/arm-none-eabi/10.3.1/../../../arm-none-eabi/lib/thumb/v7e-m+fp/hard/libc_nano.a(lib_a-makebuf.o)
                0x0000000008001864                __smakebuf_r
                0x0000000008001924                __swhatbuf_r
 .text          0x0000000008001980       0xa0 /usr/lib/gcc/arm-none-eabi/10.3.1/../../../arm-none-eabi/lib/thumb/v7e-m+fp/hard/libc_nano.a(lib_a-memchr.o)
                0x0000000008001980                memchr
 .text          0x0000000008001a20       0xf8 /usr/lib/gcc/arm-none-eabi/10.3.1/../../../arm-none-eabi/lib/thumb/v7e-m+fp/hard/libc_nano.a(lib_a-memmove.o)
                0x0000000008001a20                memmove
 .text          0x0000000008001b18        0x8 /usr/lib/gcc/arm-none-eabi/10.3.1/../../../arm-none-eabi/lib/thumb/v7e-m+fp/hard/libc_nano.a(lib_a-mlock.o)
                0x0000000008001b18                __malloc_lock
                0x0000000008001b1c                __malloc_unlock
 .text          0x0000000008001b20       0xc4 /usr/lib/gcc/arm-none-eabi/10.3.1/../../../arm-none-eabi/lib/thumb/v7e-m+fp/hard/libc_nano.a(lib_a-nano-freer.o)
                0x0000000008001b20                _free_r
 .text          0x0000000008001be4       0x50 /usr/lib/gcc/arm-none-eabi/10.3.1/../../../arm-none-eabi/lib/thumb/v7e-m+fp/hard/libc_nano.a(lib_a-nano-reallocr.o)
                0x0000000008001be4                _realloc_r
 .text          0x0000000008001c34       0x2c /usr/lib/gcc/arm-none-eabi/10.3.1/../../../arm-none-eabi/lib/thumb/v7e-m+fp/hard/libc_nano.a(lib_a-readr.o)
                0x0000000008001c34                _read_r
 .text          0x0000000008001c60       0x2c /usr/lib/gcc/arm-none-eabi/10.3.1/../../../arm-none-eabi/lib/thumb/v7e-m+fp/hard/libc_nano.a(lib_a-fstatr.o)
                0x0000000008001c60                _fstat_r
 .text          0x0000000008001c8c       0x24 /usr/lib/gcc/arm-none-eabi/10.3.1/../../../arm-none-eabi/lib/thumb/v7e-m+fp/hard/libc_nano.a(lib_a-isattyr.o)
                0x0000000008001c8c                _isatty_r
 .text          0x0000000008001cb0       0x14 /usr/lib/gcc/arm-none-eabi/10.3.1/../../../arm-none-eabi/lib/thumb/v7e-m+fp/hard/libc_nano.a(lib_a-nano-msizer.o)
                0x0000000008001cb0                _malloc_usable_size_r
 .text          0x0000000008001cc4       0x30 /usr/lib/gcc/arm-none-eabi/10.3.1/thumb/v7e-m+fp/hard/libgcc.a(_aeabi_uldivmod.o)
                0x0000000008001cc4                __aeabi_uldivmod
 .text          0x0000000008001cf4      0x2d0 /usr/lib/gcc/arm-none-eabi/10.3.1/thumb/v7e-m+fp/hard/libgcc.a(_udivmoddi4.o)
                0x0000000008001cf4                __udivmoddi4
 .text          0x0000000008001fc4        0x4 /usr/lib/gcc/arm-none-eabi/10.3.1/thumb/v7e-m+fp/hard/libgcc.a(_dvmd_tls.o)
                0x0000000008001fc4                __aeabi_ldiv0
                0x0000000008001fc4                __aeabi_idiv0
 *(.text*)
 .text.USB_Reset_Sequence
                0x0000000008001fc8       0x50 build/main.o
 .text.Error_Handler
                0x0000000008002018        0x4 build/main.o
                0x0000000008002018                Error_Handler
 .text.SystemClock_Config
                0x000000000800201c       0xa4 build/main.o
                0x000000000800201c                SystemClock_Config
 .text.main     0x00000000080020c0      0x1ec build/main.o
                0x00000000080020c0                main
 .text.MX_GPIO_Init
                0x00000000080022ac       0xec build/gpio.o
                0x00000000080022ac                MX_GPIO_Init
 .text.MX_DMA_Init
                0x0000000008002398       0x68 build/dma.o
                0x0000000008002398                MX_DMA_Init
 .text.MX_TIM5_Init
                0x0000000008002400       0xb0 build/tim.o
                0x0000000008002400                MX_TIM5_Init
 .text.HAL_TIM_Base_MspInit
                0x00000000080024b0      0x110 build/tim.o
                0x00000000080024b0                HAL_TIM_Base_MspInit
 .text.MX_USART1_UART_Init
                0x00000000080025c0       0x34 build/usart.o
                0x00000000080025c0                MX_USART1_UART_Init
 .text.HAL_UART_MspInit
                0x00000000080025f4      0x100 build/usart.o
                0x00000000080025f4                HAL_UART_MspInit
 .text.NMI_Handler
                0x00000000080026f4        0x2 build/stm32f4xx_it.o
                0x00000000080026f4                NMI_Handler
 .text.HardFault_Handler
                0x00000000080026f6        0x2 build/stm32f4xx_it.o
                0x00000000080026f6                HardFault_Handler
 .text.MemManage_Handler
                0x00000000080026f8        0x2 build/stm32f4xx_it.o
                0x00000000080026f8                MemManage_Handler
 .text.BusFault_Handler
                0x00000000080026fa        0x2 build/stm32f4xx_it.o
                0x00000000080026fa                BusFault_Handler
 .text.UsageFault_Handler
                0x00000000080026fc        0x2 build/stm32f4xx_it.o
                0x00000000080026fc                UsageFault_Handler
 .text.SVC_Handler
                0x00000000080026fe        0x2 build/stm32f4xx_it.o
                0x00000000080026fe                SVC_Handler
 .text.DebugMon_Handler
                0x0000000008002700        0x2 build/stm32f4xx_it.o
                0x0000000008002700                DebugMon_Handler
 .text.PendSV_Handler
                0x0000000008002702        0x2 build/stm32f4xx_it.o
                0x0000000008002702                PendSV_Handler
 .text.SysTick_Handler
                0x0000000008002704        0x8 build/stm32f4xx_it.o
                0x0000000008002704                SysTick_Handler
 .text.EXTI0_IRQHandler
                0x000000000800270c        0xa build/stm32f4xx_it.o
                0x000000000800270c                EXTI0_IRQHandler
 .text.EXTI1_IRQHandler
                0x0000000008002716        0xa build/stm32f4xx_it.o
                0x0000000008002716                EXTI1_IRQHandler
 .text.EXTI2_IRQHandler
                0x0000000008002720        0xa build/stm32f4xx_it.o
                0x0000000008002720                EXTI2_IRQHandler
 .text.EXTI3_IRQHandler
                0x000000000800272a        0xa build/stm32f4xx_it.o
                0x000000000800272a                EXTI3_IRQHandler
 .text.DMA1_Stream2_IRQHandler
                0x0000000008002734       0x10 build/stm32f4xx_it.o
                0x0000000008002734                DMA1_Stream2_IRQHandler
 .text.DMA1_Stream4_IRQHandler
                0x0000000008002744       0x10 build/stm32f4xx_it.o
                0x0000000008002744                DMA1_Stream4_IRQHandler
 .text.USART1_IRQHandler
                0x0000000008002754       0x10 build/stm32f4xx_it.o
                0x0000000008002754                USART1_IRQHandler
 .text.TIM5_IRQHandler
                0x0000000008002764       0x10 build/stm32f4xx_it.o
                0x0000000008002764                TIM5_IRQHandler
 .text.OTG_FS_IRQHandler
                0x0000000008002774       0x4c build/stm32f4xx_it.o
                0x0000000008002774                OTG_FS_IRQHandler
 .text.DMA2_Stream7_IRQHandler
                0x00000000080027c0       0x10 build/stm32f4xx_it.o
                0x00000000080027c0                DMA2_Stream7_IRQHandler
 .text.HAL_MspInit
                0x00000000080027d0       0x38 build/stm32f4xx_hal_msp.o
                0x00000000080027d0                HAL_MspInit
 .text.HAL_UART_TxCpltCallback
                0x0000000008002808       0x18 build/stm32-ffb-pro.o
                0x0000000008002808                HAL_UART_TxCpltCallback
 .text.TIM_TI1_ConfigInputStage
                0x0000000008002820       0x26 build/stm32f4xx_hal_tim.o
 .text.TIM_TI2_SetConfig
                0x0000000008002846       0x36 build/stm32f4xx_hal_tim.o
 .text.TIM_TI2_ConfigInputStage
                0x000000000800287c       0x28 build/stm32f4xx_hal_tim.o
 .text.TIM_TI3_SetConfig
                0x00000000080028a4       0x36 build/stm32f4xx_hal_tim.o
 .text.TIM_TI4_SetConfig
                0x00000000080028da       0x36 build/stm32f4xx_hal_tim.o
 .text.TIM_ITRx_SetConfig
                0x0000000008002910       0x10 build/stm32f4xx_hal_tim.o
 .text.HAL_TIM_IC_MspInit
                0x0000000008002920        0x2 build/stm32f4xx_hal_tim.o
                0x0000000008002920                HAL_TIM_IC_MspInit
 .text.HAL_TIM_PeriodElapsedCallback
                0x0000000008002922        0x2 build/stm32f4xx_hal_tim.o
                0x0000000008002922                HAL_TIM_PeriodElapsedCallback
 .text.HAL_TIM_OC_DelayElapsedCallback
                0x0000000008002924        0x2 build/stm32f4xx_hal_tim.o
                0x0000000008002924                HAL_TIM_OC_DelayElapsedCallback
 .text.HAL_TIM_IC_CaptureCallback
                0x0000000008002926        0x2 build/stm32f4xx_hal_tim.o
                0x0000000008002926                HAL_TIM_IC_CaptureCallback
 .text.HAL_TIM_PWM_PulseFinishedCallback
                0x0000000008002928        0x2 build/stm32f4xx_hal_tim.o
                0x0000000008002928                HAL_TIM_PWM_PulseFinishedCallback
 .text.HAL_TIM_TriggerCallback
                0x000000000800292a        0x2 build/stm32f4xx_hal_tim.o
                0x000000000800292a                HAL_TIM_TriggerCallback
 .text.HAL_TIM_IRQHandler
                0x000000000800292c      0x15e build/stm32f4xx_hal_tim.o
                0x000000000800292c                HAL_TIM_IRQHandler
 *fill*         0x0000000008002a8a        0x2 
 .text.TIM_Base_SetConfig
                0x0000000008002a8c       0xac build/stm32f4xx_hal_tim.o
                0x0000000008002a8c                TIM_Base_SetConfig
 .text.HAL_TIM_Base_Init
                0x0000000008002b38       0x58 build/stm32f4xx_hal_tim.o
                0x0000000008002b38                HAL_TIM_Base_Init
 .text.HAL_TIM_IC_Init
                0x0000000008002b90       0x58 build/stm32f4xx_hal_tim.o
                0x0000000008002b90                HAL_TIM_IC_Init
 .text.TIM_TI1_SetConfig
                0x0000000008002be8       0x68 build/stm32f4xx_hal_tim.o
                0x0000000008002be8                TIM_TI1_SetConfig
 .text.HAL_TIM_IC_ConfigChannel
                0x0000000008002c50       0xc4 build/stm32f4xx_hal_tim.o
                0x0000000008002c50                HAL_TIM_IC_ConfigChannel
 .text.TIM_ETR_SetConfig
                0x0000000008002d14       0x1a build/stm32f4xx_hal_tim.o
                0x0000000008002d14                TIM_ETR_SetConfig
 .text.HAL_TIM_ConfigClockSource
                0x0000000008002d2e       0xfe build/stm32f4xx_hal_tim.o
                0x0000000008002d2e                HAL_TIM_ConfigClockSource
 .text.HAL_TIMEx_MasterConfigSynchronization
                0x0000000008002e2c       0x7c build/stm32f4xx_hal_tim_ex.o
                0x0000000008002e2c                HAL_TIMEx_MasterConfigSynchronization
 .text.HAL_TIMEx_CommutCallback
                0x0000000008002ea8        0x2 build/stm32f4xx_hal_tim_ex.o
                0x0000000008002ea8                HAL_TIMEx_CommutCallback
 .text.HAL_TIMEx_BreakCallback
                0x0000000008002eaa        0x2 build/stm32f4xx_hal_tim_ex.o
                0x0000000008002eaa                HAL_TIMEx_BreakCallback
 .text.HAL_RCC_OscConfig
                0x0000000008002eac      0x3f8 build/stm32f4xx_hal_rcc.o
                0x0000000008002eac                HAL_RCC_OscConfig
 .text.HAL_RCC_GetSysClockFreq
                0x00000000080032a4       0xa4 build/stm32f4xx_hal_rcc.o
                0x00000000080032a4                HAL_RCC_GetSysClockFreq
 .text.HAL_RCC_ClockConfig
                0x0000000008003348      0x160 build/stm32f4xx_hal_rcc.o
                0x0000000008003348                HAL_RCC_ClockConfig
 .text.HAL_RCC_GetHCLKFreq
                0x00000000080034a8        0xc build/stm32f4xx_hal_rcc.o
                0x00000000080034a8                HAL_RCC_GetHCLKFreq
 .text.HAL_RCC_GetPCLK1Freq
                0x00000000080034b4       0x20 build/stm32f4xx_hal_rcc.o
                0x00000000080034b4                HAL_RCC_GetPCLK1Freq
 .text.HAL_RCC_GetPCLK2Freq
                0x00000000080034d4       0x20 build/stm32f4xx_hal_rcc.o
                0x00000000080034d4                HAL_RCC_GetPCLK2Freq
 .text.HAL_GPIO_Init
                0x00000000080034f4      0x1c0 build/stm32f4xx_hal_gpio.o
                0x00000000080034f4                HAL_GPIO_Init
 .text.HAL_GPIO_WritePin
                0x00000000080036b4        0xc build/stm32f4xx_hal_gpio.o
                0x00000000080036b4                HAL_GPIO_WritePin
 .text.HAL_GPIO_EXTI_Callback
                0x00000000080036c0        0x2 build/stm32f4xx_hal_gpio.o
                0x00000000080036c0                HAL_GPIO_EXTI_Callback
 *fill*         0x00000000080036c2        0x2 
 .text.HAL_GPIO_EXTI_IRQHandler
                0x00000000080036c4       0x1c build/stm32f4xx_hal_gpio.o
                0x00000000080036c4                HAL_GPIO_EXTI_IRQHandler
 .text.DMA_CalcBaseAndBitshift
                0x00000000080036e0       0x44 build/stm32f4xx_hal_dma.o
 .text.DMA_CheckFifoParam
                0x0000000008003724       0x8e build/stm32f4xx_hal_dma.o
 *fill*         0x00000000080037b2        0x2 
 .text.HAL_DMA_Init
                0x00000000080037b4       0xcc build/stm32f4xx_hal_dma.o
                0x00000000080037b4                HAL_DMA_Init
 .text.HAL_DMA_Abort
                0x0000000008003880       0x94 build/stm32f4xx_hal_dma.o
                0x0000000008003880                HAL_DMA_Abort
 .text.HAL_DMA_Abort_IT
                0x0000000008003914       0x26 build/stm32f4xx_hal_dma.o
                0x0000000008003914                HAL_DMA_Abort_IT
 *fill*         0x000000000800393a        0x2 
 .text.HAL_DMA_IRQHandler
                0x000000000800393c      0x1dc build/stm32f4xx_hal_dma.o
                0x000000000800393c                HAL_DMA_IRQHandler
 .text.HAL_NVIC_SetPriorityGrouping
                0x0000000008003b18       0x24 build/stm32f4xx_hal_cortex.o
                0x0000000008003b18                HAL_NVIC_SetPriorityGrouping
 .text.HAL_NVIC_SetPriority
                0x0000000008003b3c       0x70 build/stm32f4xx_hal_cortex.o
                0x0000000008003b3c                HAL_NVIC_SetPriority
 .text.HAL_NVIC_EnableIRQ
                0x0000000008003bac       0x1c build/stm32f4xx_hal_cortex.o
                0x0000000008003bac                HAL_NVIC_EnableIRQ
 .text.HAL_SYSTICK_Config
                0x0000000008003bc8       0x28 build/stm32f4xx_hal_cortex.o
                0x0000000008003bc8                HAL_SYSTICK_Config
 .text.HAL_InitTick
                0x0000000008003bf0       0x4c build/stm32f4xx_hal.o
                0x0000000008003bf0                HAL_InitTick
 .text.HAL_Init
                0x0000000008003c3c       0x34 build/stm32f4xx_hal.o
                0x0000000008003c3c                HAL_Init
 .text.HAL_IncTick
                0x0000000008003c70       0x18 build/stm32f4xx_hal.o
                0x0000000008003c70                HAL_IncTick
 .text.HAL_GetTick
                0x0000000008003c88        0xc build/stm32f4xx_hal.o
                0x0000000008003c88                HAL_GetTick
 .text.HAL_Delay
                0x0000000008003c94       0x28 build/stm32f4xx_hal.o
                0x0000000008003c94                HAL_Delay
 .text.UART_EndRxTransfer
                0x0000000008003cbc       0x5c build/stm32f4xx_hal_uart.o
 .text.UART_Transmit_IT
                0x0000000008003d18       0x60 build/stm32f4xx_hal_uart.o
 .text.UART_SetConfig
                0x0000000008003d78      0x110 build/stm32f4xx_hal_uart.o
 .text.HAL_UART_Init
                0x0000000008003e88       0x60 build/stm32f4xx_hal_uart.o
                0x0000000008003e88                HAL_UART_Init
 .text.UART_EndTransmit_IT
                0x0000000008003ee8       0x1a build/stm32f4xx_hal_uart.o
 .text.HAL_UART_RxCpltCallback
                0x0000000008003f02        0x2 build/stm32f4xx_hal_uart.o
                0x0000000008003f02                HAL_UART_RxCpltCallback
 .text.HAL_UART_ErrorCallback
                0x0000000008003f04        0x2 build/stm32f4xx_hal_uart.o
                0x0000000008003f04                HAL_UART_ErrorCallback
 .text.UART_DMAAbortOnError
                0x0000000008003f06       0x10 build/stm32f4xx_hal_uart.o
 .text.HAL_UARTEx_RxEventCallback
                0x0000000008003f16        0x2 build/stm32f4xx_hal_uart.o
                0x0000000008003f16                HAL_UARTEx_RxEventCallback
 .text.UART_Receive_IT
                0x0000000008003f18       0xe6 build/stm32f4xx_hal_uart.o
 *fill*         0x0000000008003ffe        0x2 
 .text.HAL_UART_IRQHandler
                0x0000000008004000      0x288 build/stm32f4xx_hal_uart.o
                0x0000000008004000                HAL_UART_IRQHandler
 .text.PCD_WriteEmptyTxFifo
                0x0000000008004288       0xd0 build/stm32f4xx_hal_pcd.o
 .text.HAL_PCD_Init
                0x0000000008004358      0x102 build/stm32f4xx_hal_pcd.o
                0x0000000008004358                HAL_PCD_Init
 .text.HAL_PCD_Start
                0x000000000800445a       0x44 build/stm32f4xx_hal_pcd.o
                0x000000000800445a                HAL_PCD_Start
 *fill*         0x000000000800449e        0x2 
 .text.PCD_EP_OutXfrComplete_int
                0x00000000080044a0      0x104 build/stm32f4xx_hal_pcd.o
 .text.PCD_EP_OutSetupPacket_int
                0x00000000080045a4       0x50 build/stm32f4xx_hal_pcd.o
 .text.HAL_PCD_SetAddress
                0x00000000080045f4       0x26 build/stm32f4xx_hal_pcd.o
                0x00000000080045f4                HAL_PCD_SetAddress
 .text.HAL_PCD_EP_Open
                0x000000000800461a       0x8c build/stm32f4xx_hal_pcd.o
                0x000000000800461a                HAL_PCD_EP_Open
 .text.HAL_PCD_EP_Close
                0x00000000080046a6       0x70 build/stm32f4xx_hal_pcd.o
                0x00000000080046a6                HAL_PCD_EP_Close
 .text.HAL_PCD_EP_Receive
                0x0000000008004716       0x4a build/stm32f4xx_hal_pcd.o
                0x0000000008004716                HAL_PCD_EP_Receive
 .text.HAL_PCD_EP_Transmit
                0x0000000008004760       0x4a build/stm32f4xx_hal_pcd.o
                0x0000000008004760                HAL_PCD_EP_Transmit
 .text.HAL_PCD_EP_SetStall
                0x00000000080047aa       0x86 build/stm32f4xx_hal_pcd.o
                0x00000000080047aa                HAL_PCD_EP_SetStall
 .text.HAL_PCD_EP_ClrStall
                0x0000000008004830       0x74 build/stm32f4xx_hal_pcd.o
                0x0000000008004830                HAL_PCD_EP_ClrStall
 .text.HAL_PCD_EP_Abort
                0x00000000080048a4       0x34 build/stm32f4xx_hal_pcd.o
                0x00000000080048a4                HAL_PCD_EP_Abort
 .text.HAL_PCD_IRQHandler
                0x00000000080048d8      0x5bc build/stm32f4xx_hal_pcd.o
                0x00000000080048d8                HAL_PCD_IRQHandler
 .text.HAL_PCDEx_SetTxFiFo
                0x0000000008004e94       0x4c build/stm32f4xx_hal_pcd_ex.o
                0x0000000008004e94                HAL_PCDEx_SetTxFiFo
 .text.HAL_PCDEx_SetRxFiFo
                0x0000000008004ee0        0x8 build/stm32f4xx_hal_pcd_ex.o
                0x0000000008004ee0                HAL_PCDEx_SetRxFiFo
 .text.HAL_PCDEx_LPM_Callback
                0x0000000008004ee8        0x2 build/stm32f4xx_hal_pcd_ex.o
                0x0000000008004ee8                HAL_PCDEx_LPM_Callback
 .text.USB_CoreReset
                0x0000000008004eea       0x4a build/stm32f4xx_ll_usb.o
 .text.USB_CoreInit
                0x0000000008004f34       0x92 build/stm32f4xx_ll_usb.o
                0x0000000008004f34                USB_CoreInit
 *fill*         0x0000000008004fc6        0x2 
 .text.USB_SetTurnaroundTime
                0x0000000008004fc8       0xe4 build/stm32f4xx_ll_usb.o
                0x0000000008004fc8                USB_SetTurnaroundTime
 .text.USB_EnableGlobalInt
                0x00000000080050ac        0xc build/stm32f4xx_ll_usb.o
                0x00000000080050ac                USB_EnableGlobalInt
 .text.USB_DisableGlobalInt
                0x00000000080050b8        0xc build/stm32f4xx_ll_usb.o
                0x00000000080050b8                USB_DisableGlobalInt
 .text.USB_FlushTxFifo
                0x00000000080050c4       0x4a build/stm32f4xx_ll_usb.o
                0x00000000080050c4                USB_FlushTxFifo
 .text.USB_FlushRxFifo
                0x000000000800510e       0x46 build/stm32f4xx_ll_usb.o
                0x000000000800510e                USB_FlushRxFifo
 .text.USB_SetDevSpeed
                0x0000000008005154        0xe build/stm32f4xx_ll_usb.o
                0x0000000008005154                USB_SetDevSpeed
 *fill*         0x0000000008005162        0x2 
 .text.USB_DevInit
                0x0000000008005164      0x194 build/stm32f4xx_ll_usb.o
                0x0000000008005164                USB_DevInit
 .text.USB_GetDevSpeed
                0x00000000080052f8       0x22 build/stm32f4xx_ll_usb.o
                0x00000000080052f8                USB_GetDevSpeed
 .text.USB_ActivateEndpoint
                0x000000000800531a       0x9c build/stm32f4xx_ll_usb.o
                0x000000000800531a                USB_ActivateEndpoint
 *fill*         0x00000000080053b6        0x2 
 .text.USB_DeactivateEndpoint
                0x00000000080053b8       0xe0 build/stm32f4xx_ll_usb.o
                0x00000000080053b8                USB_DeactivateEndpoint
 .text.USB_EPStopXfer
                0x0000000008005498       0xbe build/stm32f4xx_ll_usb.o
                0x0000000008005498                USB_EPStopXfer
 .text.USB_WritePacket
                0x0000000008005556       0x2e build/stm32f4xx_ll_usb.o
                0x0000000008005556                USB_WritePacket
 .text.USB_EPStartXfer
                0x0000000008005584      0x248 build/stm32f4xx_ll_usb.o
                0x0000000008005584                USB_EPStartXfer
 .text.USB_ReadPacket
                0x00000000080057cc       0x54 build/stm32f4xx_ll_usb.o
                0x00000000080057cc                USB_ReadPacket
 .text.USB_EPSetStall
                0x0000000008005820       0x5a build/stm32f4xx_ll_usb.o
                0x0000000008005820                USB_EPSetStall
 .text.USB_EPClearStall
                0x000000000800587a       0x5c build/stm32f4xx_ll_usb.o
                0x000000000800587a                USB_EPClearStall
 .text.USB_SetDevAddress
                0x00000000080058d6       0x20 build/stm32f4xx_ll_usb.o
                0x00000000080058d6                USB_SetDevAddress
 .text.USB_DevConnect
                0x00000000080058f6       0x1c build/stm32f4xx_ll_usb.o
                0x00000000080058f6                USB_DevConnect
 .text.USB_DevDisconnect
                0x0000000008005912       0x1c build/stm32f4xx_ll_usb.o
                0x0000000008005912                USB_DevDisconnect
 .text.USB_ReadInterrupts
                0x000000000800592e        0x8 build/stm32f4xx_ll_usb.o
                0x000000000800592e                USB_ReadInterrupts
 .text.USB_ReadDevAllOutEpInterrupt
                0x0000000008005936       0x10 build/stm32f4xx_ll_usb.o
                0x0000000008005936                USB_ReadDevAllOutEpInterrupt
 .text.USB_ReadDevAllInEpInterrupt
                0x0000000008005946       0x10 build/stm32f4xx_ll_usb.o
                0x0000000008005946                USB_ReadDevAllInEpInterrupt
 .text.USB_ReadDevOutEPInterrupt
                0x0000000008005956       0x12 build/stm32f4xx_ll_usb.o
                0x0000000008005956                USB_ReadDevOutEPInterrupt
 .text.USB_ReadDevInEPInterrupt
                0x0000000008005968       0x28 build/stm32f4xx_ll_usb.o
                0x0000000008005968                USB_ReadDevInEPInterrupt
 .text.USB_GetMode
                0x0000000008005990        0x8 build/stm32f4xx_ll_usb.o
                0x0000000008005990                USB_GetMode
 .text.USB_SetCurrentMode
                0x0000000008005998       0x62 build/stm32f4xx_ll_usb.o
                0x0000000008005998                USB_SetCurrentMode
 .text.USB_ActivateSetup
                0x00000000080059fa       0x20 build/stm32f4xx_ll_usb.o
                0x00000000080059fa                USB_ActivateSetup
 *fill*         0x0000000008005a1a        0x2 
 .text.USB_EP0_OutStart
                0x0000000008005a1c       0x60 build/stm32f4xx_ll_usb.o
                0x0000000008005a1c                USB_EP0_OutStart
 .text.SystemInit
                0x0000000008005a7c       0x14 build/system_stm32f4xx.o
                0x0000000008005a7c                SystemInit
 .text._sbrk    0x0000000008005a90       0x48 build/sysmem.o
                0x0000000008005a90                _sbrk
 .text._read    0x0000000008005ad8       0x20 build/syscalls.o
                0x0000000008005ad8                _read
 .text._write   0x0000000008005af8       0x1c build/syscalls.o
                0x0000000008005af8                _write
 .text._close   0x0000000008005b14        0x6 build/syscalls.o
                0x0000000008005b14                _close
 .text._fstat   0x0000000008005b1a        0xa build/syscalls.o
                0x0000000008005b1a                _fstat
 .text._isatty  0x0000000008005b24        0x4 build/syscalls.o
                0x0000000008005b24                _isatty
 .text._lseek   0x0000000008005b28        0x4 build/syscalls.o
                0x0000000008005b28                _lseek
 .text.MX_USB_DEVICE_Init
                0x0000000008005b2c       0x40 build/usb_device.o
                0x0000000008005b2c                MX_USB_DEVICE_Init
 .text.HAL_PCD_MspInit
                0x0000000008005b6c       0x98 build/usbd_conf.o
                0x0000000008005b6c                HAL_PCD_MspInit
 .text.HAL_PCD_SetupStageCallback
                0x0000000008005c04       0x10 build/usbd_conf.o
                0x0000000008005c04                HAL_PCD_SetupStageCallback
 .text.HAL_PCD_DataOutStageCallback
                0x0000000008005c14       0x18 build/usbd_conf.o
                0x0000000008005c14                HAL_PCD_DataOutStageCallback
 .text.HAL_PCD_DataInStageCallback
                0x0000000008005c2c       0x16 build/usbd_conf.o
                0x0000000008005c2c                HAL_PCD_DataInStageCallback
 .text.HAL_PCD_SOFCallback
                0x0000000008005c42        0xc build/usbd_conf.o
                0x0000000008005c42                HAL_PCD_SOFCallback
 .text.HAL_PCD_ResetCallback
                0x0000000008005c4e       0x24 build/usbd_conf.o
                0x0000000008005c4e                HAL_PCD_ResetCallback
 *fill*         0x0000000008005c72        0x2 
 .text.HAL_PCD_SuspendCallback
                0x0000000008005c74       0x30 build/usbd_conf.o
                0x0000000008005c74                HAL_PCD_SuspendCallback
 .text.HAL_PCD_ResumeCallback
                0x0000000008005ca4        0xc build/usbd_conf.o
                0x0000000008005ca4                HAL_PCD_ResumeCallback
 .text.HAL_PCD_ISOOUTIncompleteCallback
                0x0000000008005cb0        0xc build/usbd_conf.o
                0x0000000008005cb0                HAL_PCD_ISOOUTIncompleteCallback
 .text.HAL_PCD_ISOINIncompleteCallback
                0x0000000008005cbc        0xc build/usbd_conf.o
                0x0000000008005cbc                HAL_PCD_ISOINIncompleteCallback
 .text.HAL_PCD_ConnectCallback
                0x0000000008005cc8        0xc build/usbd_conf.o
                0x0000000008005cc8                HAL_PCD_ConnectCallback
 .text.HAL_PCD_DisconnectCallback
                0x0000000008005cd4        0xc build/usbd_conf.o
                0x0000000008005cd4                HAL_PCD_DisconnectCallback
 .text.USBD_LL_Init
                0x0000000008005ce0       0x80 build/usbd_conf.o
                0x0000000008005ce0                USBD_LL_Init
 .text.USBD_LL_IsStallEP
                0x0000000008005d60       0x2c build/usbd_conf.o
                0x0000000008005d60                USBD_LL_IsStallEP
 .text.USBD_static_malloc
                0x0000000008005d8c        0x8 build/usbd_conf.o
                0x0000000008005d8c                USBD_static_malloc
 .text.USBD_static_free
                0x0000000008005d94        0x2 build/usbd_conf.o
                0x0000000008005d94                USBD_static_free
 .text.USBD_Get_USB_Status
                0x0000000008005d96       0x14 build/usbd_conf.o
                0x0000000008005d96                USBD_Get_USB_Status
 .text.USBD_LL_Start
                0x0000000008005daa       0x10 build/usbd_conf.o
                0x0000000008005daa                USBD_LL_Start
 .text.USBD_LL_OpenEP
                0x0000000008005dba       0x16 build/usbd_conf.o
                0x0000000008005dba                USBD_LL_OpenEP
 .text.USBD_LL_CloseEP
                0x0000000008005dd0       0x10 build/usbd_conf.o
                0x0000000008005dd0                USBD_LL_CloseEP
 .text.USBD_LL_StallEP
                0x0000000008005de0       0x10 build/usbd_conf.o
                0x0000000008005de0                USBD_LL_StallEP
 .text.USBD_LL_ClearStallEP
                0x0000000008005df0       0x10 build/usbd_conf.o
                0x0000000008005df0                USBD_LL_ClearStallEP
 .text.USBD_LL_SetUSBAddress
                0x0000000008005e00       0x10 build/usbd_conf.o
                0x0000000008005e00                USBD_LL_SetUSBAddress
 .text.USBD_LL_Transmit
                0x0000000008005e10       0x10 build/usbd_conf.o
                0x0000000008005e10                USBD_LL_Transmit
 .text.USBD_LL_PrepareReceive
                0x0000000008005e20       0x10 build/usbd_conf.o
                0x0000000008005e20                USBD_LL_PrepareReceive
 .text.USBD_FS_DeviceDescriptor
                0x0000000008005e30        0xc build/usbd_desc.o
                0x0000000008005e30                USBD_FS_DeviceDescriptor
 .text.USBD_FS_LangIDStrDescriptor
                0x0000000008005e3c        0xc build/usbd_desc.o
                0x0000000008005e3c                USBD_FS_LangIDStrDescriptor
 .text.IntToUnicode
                0x0000000008005e48       0x46 build/usbd_desc.o
 *fill*         0x0000000008005e8e        0x2 
 .text.Get_SerialNum
                0x0000000008005e90       0x38 build/usbd_desc.o
 .text.USBD_FS_SerialStrDescriptor
                0x0000000008005ec8       0x14 build/usbd_desc.o
                0x0000000008005ec8                USBD_FS_SerialStrDescriptor
 .text.USBD_FS_ProductStrDescriptor
                0x0000000008005edc       0x24 build/usbd_desc.o
                0x0000000008005edc                USBD_FS_ProductStrDescriptor
 .text.USBD_FS_ManufacturerStrDescriptor
                0x0000000008005f00       0x1c build/usbd_desc.o
                0x0000000008005f00                USBD_FS_ManufacturerStrDescriptor
 .text.USBD_FS_ConfigStrDescriptor
                0x0000000008005f1c       0x24 build/usbd_desc.o
                0x0000000008005f1c                USBD_FS_ConfigStrDescriptor
 .text.USBD_FS_InterfaceStrDescriptor
                0x0000000008005f40       0x24 build/usbd_desc.o
                0x0000000008005f40                USBD_FS_InterfaceStrDescriptor
 .text.USBD_Init
                0x0000000008005f64       0x48 build/usbd_core.o
                0x0000000008005f64                USBD_Init
 .text.USBD_RegisterClass
                0x0000000008005fac       0x50 build/usbd_core.o
                0x0000000008005fac                USBD_RegisterClass
 .text.USBD_Start
                0x0000000008005ffc        0x8 build/usbd_core.o
                0x0000000008005ffc                USBD_Start
 .text.USBD_SetClassConfig
                0x0000000008006004       0x12 build/usbd_core.o
                0x0000000008006004                USBD_SetClassConfig
 .text.USBD_ClrClassConfig
                0x0000000008006016       0x12 build/usbd_core.o
                0x0000000008006016                USBD_ClrClassConfig
 .text.USBD_LL_SetupStage
                0x0000000008006028       0x58 build/usbd_core.o
                0x0000000008006028                USBD_LL_SetupStage
 .text.USBD_LL_Reset
                0x0000000008006080       0x64 build/usbd_core.o
                0x0000000008006080                USBD_LL_Reset
 .text.USBD_LL_SetSpeed
                0x00000000080060e4        0x6 build/usbd_core.o
                0x00000000080060e4                USBD_LL_SetSpeed
 .text.USBD_LL_Suspend
                0x00000000080060ea       0x1e build/usbd_core.o
                0x00000000080060ea                USBD_LL_Suspend
 .text.USBD_LL_Resume
                0x0000000008006108       0x1a build/usbd_core.o
                0x0000000008006108                USBD_LL_Resume
 .text.USBD_LL_SOF
                0x0000000008006122       0x22 build/usbd_core.o
                0x0000000008006122                USBD_LL_SOF
 .text.USBD_LL_IsoINIncomplete
                0x0000000008006144       0x2e build/usbd_core.o
                0x0000000008006144                USBD_LL_IsoINIncomplete
 .text.USBD_LL_IsoOUTIncomplete
                0x0000000008006172       0x2e build/usbd_core.o
                0x0000000008006172                USBD_LL_IsoOUTIncomplete
 .text.USBD_LL_DevConnected
                0x00000000080061a0        0x4 build/usbd_core.o
                0x00000000080061a0                USBD_LL_DevConnected
 .text.USBD_LL_DevDisconnected
                0x00000000080061a4       0x20 build/usbd_core.o
                0x00000000080061a4                USBD_LL_DevDisconnected
 .text.USBD_CoreFindIF
                0x00000000080061c4        0x4 build/usbd_core.o
                0x00000000080061c4                USBD_CoreFindIF
 .text.USBD_CoreFindEP
                0x00000000080061c8        0x4 build/usbd_core.o
                0x00000000080061c8                USBD_CoreFindEP
 .text.USBD_LL_DataOutStage
                0x00000000080061cc       0xc6 build/usbd_core.o
                0x00000000080061cc                USBD_LL_DataOutStage
 .text.USBD_LL_DataInStage
                0x0000000008006292       0xd6 build/usbd_core.o
                0x0000000008006292                USBD_LL_DataInStage
 .text.USBD_GetNextDesc
                0x0000000008006368        0xe build/usbd_core.o
                0x0000000008006368                USBD_GetNextDesc
 .text.USBD_GetEpDesc
                0x0000000008006376       0x3e build/usbd_core.o
                0x0000000008006376                USBD_GetEpDesc
 .text.USBD_GetLen
                0x00000000080063b4       0x14 build/usbd_ctlreq.o
 .text.USBD_ParseSetupRequest
                0x00000000080063c8       0x28 build/usbd_ctlreq.o
                0x00000000080063c8                USBD_ParseSetupRequest
 .text.USBD_CtlError
                0x00000000080063f0       0x14 build/usbd_ctlreq.o
                0x00000000080063f0                USBD_CtlError
 .text.USBD_GetDescriptor
                0x0000000008006404      0x18a build/usbd_ctlreq.o
 .text.USBD_SetAddress
                0x000000000800658e       0x50 build/usbd_ctlreq.o
 *fill*         0x00000000080065de        0x2 
 .text.USBD_SetConfig
                0x00000000080065e0       0xcc build/usbd_ctlreq.o
 .text.USBD_GetConfig
                0x00000000080066ac       0x40 build/usbd_ctlreq.o
 .text.USBD_GetStatus
                0x00000000080066ec       0x38 build/usbd_ctlreq.o
 .text.USBD_SetFeature
                0x0000000008006724       0x2a build/usbd_ctlreq.o
 .text.USBD_ClrFeature
                0x000000000800674e       0x26 build/usbd_ctlreq.o
 .text.USBD_StdDevReq
                0x0000000008006774       0x76 build/usbd_ctlreq.o
                0x0000000008006774                USBD_StdDevReq
 .text.USBD_StdItfReq
                0x00000000080067ea       0x84 build/usbd_ctlreq.o
                0x00000000080067ea                USBD_StdItfReq
 .text.USBD_StdEPReq
                0x000000000800686e      0x230 build/usbd_ctlreq.o
                0x000000000800686e                USBD_StdEPReq
 .text.USBD_GetString
                0x0000000008006a9e       0x46 build/usbd_ctlreq.o
                0x0000000008006a9e                USBD_GetString
 .text.USBD_CtlSendData
                0x0000000008006ae4       0x1a build/usbd_ioreq.o
                0x0000000008006ae4                USBD_CtlSendData
 .text.USBD_CtlContinueSendData
                0x0000000008006afe       0x10 build/usbd_ioreq.o
                0x0000000008006afe                USBD_CtlContinueSendData
 .text.USBD_CtlContinueRx
                0x0000000008006b0e       0x10 build/usbd_ioreq.o
                0x0000000008006b0e                USBD_CtlContinueRx
 .text.USBD_CtlSendStatus
                0x0000000008006b1e       0x16 build/usbd_ioreq.o
                0x0000000008006b1e                USBD_CtlSendStatus
 .text.USBD_CtlReceiveStatus
                0x0000000008006b34       0x16 build/usbd_ioreq.o
                0x0000000008006b34                USBD_CtlReceiveStatus
 .text.USBD_HID_DataIn
                0x0000000008006b4a       0x10 build/usbd_hid.o
 *fill*         0x0000000008006b5a        0x2 
 .text.USBD_HID_GetDeviceQualifierDesc
                0x0000000008006b5c        0xc build/usbd_hid.o
 .text.USBD_HID_GetOtherSpeedCfgDesc
                0x0000000008006b68       0x20 build/usbd_hid.o
 .text.USBD_HID_GetFSCfgDesc
                0x0000000008006b88       0x20 build/usbd_hid.o
 .text.USBD_HID_GetHSCfgDesc
                0x0000000008006ba8       0x20 build/usbd_hid.o
 .text.USBD_HID_Setup
                0x0000000008006bc8      0x12c build/usbd_hid.o
 .text.USBD_HID_DeInit
                0x0000000008006cf4       0x30 build/usbd_hid.o
 .text.USBD_HID_Init
                0x0000000008006d24       0x50 build/usbd_hid.o
 .text.Reset_Handler
                0x0000000008006d74       0x50 build/startup_stm32f411xe.o
                0x0000000008006d74                Reset_Handler
 .text.Default_Handler
                0x0000000008006dc4        0x2 build/startup_stm32f411xe.o
                0x0000000008006dc4                RTC_Alarm_IRQHandler
                0x0000000008006dc4                SPI4_IRQHandler
                0x0000000008006dc4                TIM1_CC_IRQHandler
                0x0000000008006dc4                DMA2_Stream5_IRQHandler
                0x0000000008006dc4                DMA1_Stream5_IRQHandler
                0x0000000008006dc4                PVD_IRQHandler
                0x0000000008006dc4                SDIO_IRQHandler
                0x0000000008006dc4                TAMP_STAMP_IRQHandler
                0x0000000008006dc4                TIM1_UP_TIM10_IRQHandler
                0x0000000008006dc4                I2C3_ER_IRQHandler
                0x0000000008006dc4                I2C2_EV_IRQHandler
                0x0000000008006dc4                FPU_IRQHandler
                0x0000000008006dc4                DMA2_Stream2_IRQHandler
                0x0000000008006dc4                SPI1_IRQHandler
                0x0000000008006dc4                TIM1_BRK_TIM9_IRQHandler
                0x0000000008006dc4                DMA2_Stream3_IRQHandler
                0x0000000008006dc4                USART6_IRQHandler
                0x0000000008006dc4                DMA2_Stream0_IRQHandler
                0x0000000008006dc4                TIM4_IRQHandler
                0x0000000008006dc4                I2C1_EV_IRQHandler
                0x0000000008006dc4                DMA1_Stream6_IRQHandler
                0x0000000008006dc4                DMA1_Stream1_IRQHandler
                0x0000000008006dc4                TIM3_IRQHandler
                0x0000000008006dc4                RCC_IRQHandler
                0x0000000008006dc4                Default_Handler
                0x0000000008006dc4                EXTI15_10_IRQHandler
                0x0000000008006dc4                ADC_IRQHandler
                0x0000000008006dc4                DMA1_Stream7_IRQHandler
                0x0000000008006dc4                SPI5_IRQHandler
                0x0000000008006dc4                I2C3_EV_IRQHandler
                0x0000000008006dc4                EXTI9_5_IRQHandler
                0x0000000008006dc4                RTC_WKUP_IRQHandler
                0x0000000008006dc4                SPI2_IRQHandler
                0x0000000008006dc4                DMA1_Stream0_IRQHandler
                0x0000000008006dc4                EXTI4_IRQHandler
                0x0000000008006dc4                WWDG_IRQHandler
                0x0000000008006dc4                TIM2_IRQHandler
                0x0000000008006dc4                OTG_FS_WKUP_IRQHandler
                0x0000000008006dc4                TIM1_TRG_COM_TIM11_IRQHandler
                0x0000000008006dc4                USART2_IRQHandler
                0x0000000008006dc4                I2C2_ER_IRQHandler
                0x0000000008006dc4                DMA2_Stream1_IRQHandler
                0x0000000008006dc4                FLASH_IRQHandler
                0x0000000008006dc4                DMA2_Stream4_IRQHandler
                0x0000000008006dc4                SPI3_IRQHandler
                0x0000000008006dc4                I2C1_ER_IRQHandler
                0x0000000008006dc4                DMA2_Stream6_IRQHandler
                0x0000000008006dc4                DMA1_Stream3_IRQHandler
 *(.glue_7)
 .glue_7        0x0000000008006dc6        0x0 linker stubs
 *(.glue_7t)
 .glue_7t       0x0000000008006dc6        0x0 linker stubs
 *(.eh_frame)
 *fill*         0x0000000008006dc6        0x2 
 .eh_frame      0x0000000008006dc8        0x0 /usr/lib/gcc/arm-none-eabi/10.3.1/thumb/v7e-m+fp/hard/crtbegin.o
 *(.init)
 .init          0x0000000008006dc8        0x4 /usr/lib/gcc/arm-none-eabi/10.3.1/thumb/v7e-m+fp/hard/crti.o
                0x0000000008006dc8                _init
 .init          0x0000000008006dcc        0x8 /usr/lib/gcc/arm-none-eabi/10.3.1/thumb/v7e-m+fp/hard/crtn.o
 *(.fini)
 .fini          0x0000000008006dd4        0x4 /usr/lib/gcc/arm-none-eabi/10.3.1/thumb/v7e-m+fp/hard/crti.o
                0x0000000008006dd4                _fini
 .fini          0x0000000008006dd8        0x8 /usr/lib/gcc/arm-none-eabi/10.3.1/thumb/v7e-m+fp/hard/crtn.o
                0x0000000008006de0                . = ALIGN (0x4)
                0x0000000008006de0                _etext = .

.vfp11_veneer   0x0000000008006de0        0x0
 .vfp11_veneer  0x0000000008006de0        0x0 linker stubs

.v4_bx          0x0000000008006de0        0x0
 .v4_bx         0x0000000008006de0        0x0 linker stubs

.iplt           0x0000000008006de0        0x0
 .iplt          0x0000000008006de0        0x0 /usr/lib/gcc/arm-none-eabi/10.3.1/thumb/v7e-m+fp/hard/crtbegin.o

.rodata         0x0000000008006de0      0x13c
                0x0000000008006de0                . = ALIGN (0x4)
 *(.rodata)
 .rodata        0x0000000008006de0        0x4 /usr/lib/gcc/arm-none-eabi/10.3.1/../../../arm-none-eabi/lib/thumb/v7e-m+fp/hard/libc_nano.a(lib_a-impure.o)
                0x0000000008006de0                _global_impure_ptr
 .rodata        0x0000000008006de4       0x60 /usr/lib/gcc/arm-none-eabi/10.3.1/../../../arm-none-eabi/lib/thumb/v7e-m+fp/hard/libc_nano.a(lib_a-findfp.o)
                0x0000000008006de4                __sf_fake_stderr
                0x0000000008006e04                __sf_fake_stdout
                0x0000000008006e24                __sf_fake_stdin
 *(.rodata*)
 .rodata.flagBitshiftOffset.0
                0x0000000008006e44        0x8 build/stm32f4xx_hal_dma.o
 .rodata.AHBPrescTable
                0x0000000008006e4c       0x10 build/system_stm32f4xx.o
                0x0000000008006e4c                AHBPrescTable
 .rodata.APBPrescTable
                0x0000000008006e5c        0x8 build/system_stm32f4xx.o
                0x0000000008006e5c                APBPrescTable
 .rodata.USBD_FS_ProductStrDescriptor.str1.4
                0x0000000008006e64       0x16 build/usbd_desc.o
 *fill*         0x0000000008006e7a        0x2 
 .rodata.USBD_FS_ManufacturerStrDescriptor.str1.4
                0x0000000008006e7c       0x10 build/usbd_desc.o
 .rodata.USBD_FS_ConfigStrDescriptor.str1.4
                0x0000000008006e8c        0xb build/usbd_desc.o
 *fill*         0x0000000008006e97        0x1 
 .rodata.USBD_FS_InterfaceStrDescriptor.str1.4
                0x0000000008006e98        0xe build/usbd_desc.o
 *fill*         0x0000000008006ea6        0x2 
 .rodata.USBD_Init.str1.4
                0x0000000008006ea8       0x1e build/usbd_core.o
 *fill*         0x0000000008006ec6        0x2 
 .rodata.USBD_RegisterClass.str1.4
                0x0000000008006ec8       0x15 build/usbd_core.o
 *fill*         0x0000000008006edd        0x3 
 .rodata.str1.4
                0x0000000008006ee0       0x13 /usr/lib/gcc/arm-none-eabi/10.3.1/../../../arm-none-eabi/lib/thumb/v7e-m+fp/hard/libc_nano.a(lib_a-nano-vfprintf.o)
 *fill*         0x0000000008006ef3        0x1 
 .rodata.str1.4
                0x0000000008006ef4       0x25 /usr/lib/gcc/arm-none-eabi/10.3.1/../../../arm-none-eabi/lib/thumb/v7e-m+fp/hard/libc_nano.a(lib_a-nano-vfprintf_i.o)
                0x0000000008006f1c                . = ALIGN (0x4)
 *fill*         0x0000000008006f19        0x3 

.ARM.extab
 *(.ARM.extab* .gnu.linkonce.armextab.*)

.ARM            0x0000000008006f1c        0x8
                0x0000000008006f1c                __exidx_start = .
 *(.ARM.exidx*)
 .ARM.exidx     0x0000000008006f1c        0x8 /usr/lib/gcc/arm-none-eabi/10.3.1/thumb/v7e-m+fp/hard/libgcc.a(_udivmoddi4.o)
                0x0000000008006f24                __exidx_end = .

.rel.dyn        0x0000000008006f24        0x0
 .rel.iplt      0x0000000008006f24        0x0 /usr/lib/gcc/arm-none-eabi/10.3.1/thumb/v7e-m+fp/hard/crtbegin.o

.preinit_array  0x0000000008006f24        0x0
                0x0000000008006f24                PROVIDE (__preinit_array_start = .)
 *(.preinit_array*)
                0x0000000008006f24                PROVIDE (__preinit_array_end = .)

.init_array     0x0000000008006f24        0x4
                0x0000000008006f24                PROVIDE (__init_array_start = .)
 *(SORT_BY_NAME(.init_array.*))
 *(.init_array*)
 .init_array    0x0000000008006f24        0x4 /usr/lib/gcc/arm-none-eabi/10.3.1/thumb/v7e-m+fp/hard/crtbegin.o
                0x0000000008006f28                PROVIDE (__init_array_end = .)

.fini_array     0x0000000008006f28        0x4
                0x0000000008006f28                PROVIDE (__fini_array_start = .)
 *(SORT_BY_NAME(.fini_array.*))
 *(.fini_array*)
 .fini_array    0x0000000008006f28        0x4 /usr/lib/gcc/arm-none-eabi/10.3.1/thumb/v7e-m+fp/hard/crtbegin.o
                0x0000000008006f2c                PROVIDE (__fini_array_end = .)
                0x0000000008006f2c                _sidata = LOADADDR (.data)

.data           0x0000000020000000      0x180 load address 0x0000000008006f2c
                0x0000000020000000                . = ALIGN (0x4)
                0x0000000020000000                _sdata = .
 *(.data)
 .data          0x0000000020000000       0x64 /usr/lib/gcc/arm-none-eabi/10.3.1/../../../arm-none-eabi/lib/thumb/v7e-m+fp/hard/libc_nano.a(lib_a-impure.o)
                0x0000000020000000                _impure_ptr
 *(.data*)
 .data.uart_tx_complete
                0x0000000020000064        0x1 build/stm32-ffb-pro.o
 .data.uwTickFreq
                0x0000000020000065        0x1 build/stm32f4xx_hal.o
                0x0000000020000065                uwTickFreq
 *fill*         0x0000000020000066        0x2 
 .data.uwTickPrio
                0x0000000020000068        0x4 build/stm32f4xx_hal.o
                0x0000000020000068                uwTickPrio
 .data.SystemCoreClock
                0x000000002000006c        0x4 build/system_stm32f4xx.o
                0x000000002000006c                SystemCoreClock
 .data.FS_Desc  0x0000000020000070       0x1c build/usbd_desc.o
                0x0000000020000070                FS_Desc
 .data.USBD_FS_DeviceDesc
                0x000000002000008c       0x12 build/usbd_desc.o
                0x000000002000008c                USBD_FS_DeviceDesc
 *fill*         0x000000002000009e        0x2 
 .data.USBD_LangIDDesc
                0x00000000200000a0        0x4 build/usbd_desc.o
                0x00000000200000a0                USBD_LangIDDesc
 .data.USBD_StringSerial
                0x00000000200000a4       0x1a build/usbd_desc.o
                0x00000000200000a4                USBD_StringSerial
 *fill*         0x00000000200000be        0x2 
 .data.HID_MOUSE_ReportDesc
                0x00000000200000c0       0x4a build/usbd_hid.o
 *fill*         0x000000002000010a        0x2 
 .data.USBD_HID
                0x000000002000010c       0x38 build/usbd_hid.o
                0x000000002000010c                USBD_HID
 .data.USBD_HID_CfgDesc
                0x0000000020000144       0x22 build/usbd_hid.o
 *fill*         0x0000000020000166        0x2 
 .data.USBD_HID_Desc
                0x0000000020000168        0x9 build/usbd_hid.o
 *fill*         0x0000000020000171        0x3 
 .data.USBD_HID_DeviceQualifierDesc
                0x0000000020000174        0xa build/usbd_hid.o
                0x0000000020000180                . = ALIGN (0x4)
 *fill*         0x000000002000017e        0x2 
                0x0000000020000180                _edata = .

.tm_clone_table
                0x0000000020000180        0x0 load address 0x00000000080070ac
 .tm_clone_table
                0x0000000020000180        0x0 /usr/lib/gcc/arm-none-eabi/10.3.1/thumb/v7e-m+fp/hard/crtbegin.o
 .tm_clone_table
                0x0000000020000180        0x0 /usr/lib/gcc/arm-none-eabi/10.3.1/thumb/v7e-m+fp/hard/crtend.o

.igot.plt       0x0000000020000180        0x0 load address 0x00000000080070ac
 .igot.plt      0x0000000020000180        0x0 /usr/lib/gcc/arm-none-eabi/10.3.1/thumb/v7e-m+fp/hard/crtbegin.o
                0x0000000020000180                . = ALIGN (0x4)

.bss            0x0000000020000180      0xbbc load address 0x00000000080070ac
                0x0000000020000180                _sbss = .
                0x0000000020000180                __bss_start__ = _sbss
 *(.bss)
 .bss           0x0000000020000180       0x1c /usr/lib/gcc/arm-none-eabi/10.3.1/thumb/v7e-m+fp/hard/crtbegin.o
 .bss           0x000000002000019c        0x8 /usr/lib/gcc/arm-none-eabi/10.3.1/../../../arm-none-eabi/lib/thumb/v7e-m+fp/hard/libc_nano.a(lib_a-nano-mallocr.o)
                0x000000002000019c                __malloc_free_list
                0x00000000200001a0                __malloc_sbrk_start
 .bss           0x00000000200001a4        0x4 /usr/lib/gcc/arm-none-eabi/10.3.1/../../../arm-none-eabi/lib/thumb/v7e-m+fp/hard/libc_nano.a(lib_a-reent.o)
                0x00000000200001a4                errno
 *(.bss*)
 .bss.hdma_tim5_ch1
                0x00000000200001a8       0x60 build/tim.o
                0x00000000200001a8                hdma_tim5_ch1
 .bss.hdma_tim5_ch2
                0x0000000020000208       0x60 build/tim.o
                0x0000000020000208                hdma_tim5_ch2
 .bss.htim5     0x0000000020000268       0x48 build/tim.o
                0x0000000020000268                htim5
 .bss.hdma_usart1_tx
                0x00000000200002b0       0x60 build/usart.o
                0x00000000200002b0                hdma_usart1_tx
 .bss.huart1    0x0000000020000310       0x48 build/usart.o
                0x0000000020000310                huart1
 .bss.usb_debug_state
                0x0000000020000358        0x1 build/stm32f4xx_it.o
                0x0000000020000358                usb_debug_state
 .bss.usb_reset_count
                0x0000000020000359        0x1 build/stm32f4xx_it.o
                0x0000000020000359                usb_reset_count
 .bss.usb_suspend_count
                0x000000002000035a        0x1 build/stm32f4xx_it.o
                0x000000002000035a                usb_suspend_count
 *fill*         0x000000002000035b        0x1 
 .bss.uwTick    0x000000002000035c        0x4 build/stm32f4xx_hal.o
                0x000000002000035c                uwTick
 .bss.__sbrk_heap_end
                0x0000000020000360        0x4 build/sysmem.o
 .bss.hUsbDeviceFS
                0x0000000020000364      0x2dc build/usb_device.o
                0x0000000020000364                hUsbDeviceFS
 .bss.hpcd_USB_OTG_FS
                0x0000000020000640      0x4e4 build/usbd_conf.o
                0x0000000020000640                hpcd_USB_OTG_FS
 .bss.mem.0     0x0000000020000b24       0x14 build/usbd_conf.o
 .bss.USBD_StrDesc
                0x0000000020000b38      0x200 build/usbd_desc.o
                0x0000000020000b38                USBD_StrDesc
 .bss.cfgidx.0  0x0000000020000d38        0x1 build/usbd_ctlreq.o
 *(COMMON)
                0x0000000020000d3c                . = ALIGN (0x4)
 *fill*         0x0000000020000d39        0x3 
                0x0000000020000d3c                _ebss = .
                0x0000000020000d3c                __bss_end__ = _ebss

._user_heap_stack
                0x0000000020000d3c      0x604 load address 0x00000000080070ac
                0x0000000020000d40                . = ALIGN (0x8)
 *fill*         0x0000000020000d3c        0x4 
                [!provide]                        PROVIDE (end = .)
                0x0000000020000d40                PROVIDE (_end = .)
                0x0000000020000f40                . = (. + _Min_Heap_Size)
 *fill*         0x0000000020000d40      0x200 
                0x0000000020001340                . = (. + _Min_Stack_Size)
 *fill*         0x0000000020000f40      0x400 
                0x0000000020001340                . = ALIGN (0x8)

/DISCARD/
 libc.a(*)
 libm.a(*)
 libgcc.a(*)
OUTPUT(build/SidewinderFFB.elf elf32-littlearm)
LOAD linker stubs
LOAD /usr/lib/gcc/arm-none-eabi/10.3.1/../../../arm-none-eabi/lib/thumb/v7e-m+fp/hard/libc.a
LOAD /usr/lib/gcc/arm-none-eabi/10.3.1/../../../arm-none-eabi/lib/thumb/v7e-m+fp/hard/libm.a
LOAD /usr/lib/gcc/arm-none-eabi/10.3.1/thumb/v7e-m+fp/hard/libgcc.a

.ARM.attributes
                0x0000000000000000       0x30
 .ARM.attributes
                0x0000000000000000       0x1e /usr/lib/gcc/arm-none-eabi/10.3.1/thumb/v7e-m+fp/hard/crti.o
 .ARM.attributes
                0x000000000000001e       0x34 /usr/lib/gcc/arm-none-eabi/10.3.1/thumb/v7e-m+fp/hard/crtbegin.o
 .ARM.attributes
                0x0000000000000052       0x34 build/main.o
 .ARM.attributes
                0x0000000000000086       0x34 build/gpio.o
 .ARM.attributes
                0x00000000000000ba       0x34 build/dma.o
 .ARM.attributes
                0x00000000000000ee       0x34 build/tim.o
 .ARM.attributes
                0x0000000000000122       0x34 build/usart.o
 .ARM.attributes
                0x0000000000000156       0x34 build/stm32f4xx_it.o
 .ARM.attributes
                0x000000000000018a       0x34 build/stm32f4xx_hal_msp.o
 .ARM.attributes
                0x00000000000001be       0x34 build/stm32-ffb-pro.o
 .ARM.attributes
                0x00000000000001f2       0x34 build/stm32f4xx_hal_tim.o
 .ARM.attributes
                0x0000000000000226       0x34 build/stm32f4xx_hal_tim_ex.o
 .ARM.attributes
                0x000000000000025a       0x34 build/stm32f4xx_hal_rcc.o
 .ARM.attributes
                0x000000000000028e       0x34 build/stm32f4xx_hal_gpio.o
 .ARM.attributes
                0x00000000000002c2       0x34 build/stm32f4xx_hal_dma.o
 .ARM.attributes
                0x00000000000002f6       0x34 build/stm32f4xx_hal_cortex.o
 .ARM.attributes
                0x000000000000032a       0x34 build/stm32f4xx_hal.o
 .ARM.attributes
                0x000000000000035e       0x34 build/stm32f4xx_hal_uart.o
 .ARM.attributes
                0x0000000000000392       0x34 build/stm32f4xx_hal_pcd.o
 .ARM.attributes
                0x00000000000003c6       0x34 build/stm32f4xx_hal_pcd_ex.o
 .ARM.attributes
                0x00000000000003fa       0x34 build/stm32f4xx_ll_usb.o
 .ARM.attributes
                0x000000000000042e       0x34 build/system_stm32f4xx.o
 .ARM.attributes
                0x0000000000000462       0x34 build/sysmem.o
 .ARM.attributes
                0x0000000000000496       0x34 build/syscalls.o
 .ARM.attributes
                0x00000000000004ca       0x34 build/usb_device.o
 .ARM.attributes
                0x00000000000004fe       0x34 build/usbd_conf.o
 .ARM.attributes
                0x0000000000000532       0x34 build/usbd_desc.o
 .ARM.attributes
                0x0000000000000566       0x34 build/usbd_core.o
 .ARM.attributes
                0x000000000000059a       0x34 build/usbd_ctlreq.o
 .ARM.attributes
                0x00000000000005ce       0x34 build/usbd_ioreq.o
 .ARM.attributes
                0x0000000000000602       0x34 build/usbd_hid.o
 .ARM.attributes
                0x0000000000000636       0x21 build/startup_stm32f411xe.o
 .ARM.attributes
                0x0000000000000657       0x34 /usr/lib/gcc/arm-none-eabi/10.3.1/../../../arm-none-eabi/lib/thumb/v7e-m+fp/hard/libc_nano.a(lib_a-errno.o)
 .ARM.attributes
                0x000000000000068b       0x32 /usr/lib/gcc/arm-none-eabi/10.3.1/../../../arm-none-eabi/lib/thumb/v7e-m+fp/hard/libc_nano.a(lib_a-impure.o)
 .ARM.attributes
                0x00000000000006bd       0x34 /usr/lib/gcc/arm-none-eabi/10.3.1/../../../arm-none-eabi/lib/thumb/v7e-m+fp/hard/libc_nano.a(lib_a-init.o)
 .ARM.attributes
                0x00000000000006f1       0x1c /usr/lib/gcc/arm-none-eabi/10.3.1/../../../arm-none-eabi/lib/thumb/v7e-m+fp/hard/libc_nano.a(lib_a-memcpy.o)
 .ARM.attributes
                0x000000000000070d       0x34 /usr/lib/gcc/arm-none-eabi/10.3.1/../../../arm-none-eabi/lib/thumb/v7e-m+fp/hard/libc_nano.a(lib_a-memset.o)
 .ARM.attributes
                0x0000000000000741       0x34 /usr/lib/gcc/arm-none-eabi/10.3.1/../../../arm-none-eabi/lib/thumb/v7e-m+fp/hard/libc_nano.a(lib_a-printf.o)
 .ARM.attributes
                0x0000000000000775       0x34 /usr/lib/gcc/arm-none-eabi/10.3.1/../../../arm-none-eabi/lib/thumb/v7e-m+fp/hard/libc_nano.a(lib_a-putchar.o)
 .ARM.attributes
                0x00000000000007a9       0x34 /usr/lib/gcc/arm-none-eabi/10.3.1/../../../arm-none-eabi/lib/thumb/v7e-m+fp/hard/libc_nano.a(lib_a-findfp.o)
 .ARM.attributes
                0x00000000000007dd       0x34 /usr/lib/gcc/arm-none-eabi/10.3.1/../../../arm-none-eabi/lib/thumb/v7e-m+fp/hard/libc_nano.a(lib_a-fwalk.o)
 .ARM.attributes
                0x0000000000000811       0x34 /usr/lib/gcc/arm-none-eabi/10.3.1/../../../arm-none-eabi/lib/thumb/v7e-m+fp/hard/libc_nano.a(lib_a-nano-mallocr.o)
 .ARM.attributes
                0x0000000000000845       0x34 /usr/lib/gcc/arm-none-eabi/10.3.1/../../../arm-none-eabi/lib/thumb/v7e-m+fp/hard/libc_nano.a(lib_a-nano-vfprintf.o)
 .ARM.attributes
                0x0000000000000879       0x34 /usr/lib/gcc/arm-none-eabi/10.3.1/../../../arm-none-eabi/lib/thumb/v7e-m+fp/hard/libc_nano.a(lib_a-nano-vfprintf_i.o)
 .ARM.attributes
                0x00000000000008ad       0x34 /usr/lib/gcc/arm-none-eabi/10.3.1/../../../arm-none-eabi/lib/thumb/v7e-m+fp/hard/libc_nano.a(lib_a-putc.o)
 .ARM.attributes
                0x00000000000008e1       0x34 /usr/lib/gcc/arm-none-eabi/10.3.1/../../../arm-none-eabi/lib/thumb/v7e-m+fp/hard/libc_nano.a(lib_a-sbrkr.o)
 .ARM.attributes
                0x0000000000000915       0x34 /usr/lib/gcc/arm-none-eabi/10.3.1/../../../arm-none-eabi/lib/thumb/v7e-m+fp/hard/libc_nano.a(lib_a-stdio.o)
 .ARM.attributes
                0x0000000000000949       0x34 /usr/lib/gcc/arm-none-eabi/10.3.1/../../../arm-none-eabi/lib/thumb/v7e-m+fp/hard/libc_nano.a(lib_a-wbuf.o)
 .ARM.attributes
                0x000000000000097d       0x34 /usr/lib/gcc/arm-none-eabi/10.3.1/../../../arm-none-eabi/lib/thumb/v7e-m+fp/hard/libc_nano.a(lib_a-writer.o)
 .ARM.attributes
                0x00000000000009b1       0x34 /usr/lib/gcc/arm-none-eabi/10.3.1/../../../arm-none-eabi/lib/thumb/v7e-m+fp/hard/libc_nano.a(lib_a-wsetup.o)
 .ARM.attributes
                0x00000000000009e5       0x34 /usr/lib/gcc/arm-none-eabi/10.3.1/../../../arm-none-eabi/lib/thumb/v7e-m+fp/hard/libc_nano.a(lib_a-closer.o)
 .ARM.attributes
                0x0000000000000a19       0x34 /usr/lib/gcc/arm-none-eabi/10.3.1/../../../arm-none-eabi/lib/thumb/v7e-m+fp/hard/libc_nano.a(lib_a-fflush.o)
 .ARM.attributes
                0x0000000000000a4d       0x34 /usr/lib/gcc/arm-none-eabi/10.3.1/../../../arm-none-eabi/lib/thumb/v7e-m+fp/hard/libc_nano.a(lib_a-fvwrite.o)
 .ARM.attributes
                0x0000000000000a81       0x34 /usr/lib/gcc/arm-none-eabi/10.3.1/../../../arm-none-eabi/lib/thumb/v7e-m+fp/hard/libc_nano.a(lib_a-lseekr.o)
 .ARM.attributes
                0x0000000000000ab5       0x34 /usr/lib/gcc/arm-none-eabi/10.3.1/../../../arm-none-eabi/lib/thumb/v7e-m+fp/hard/libc_nano.a(lib_a-makebuf.o)
 .ARM.attributes
                0x0000000000000ae9       0x1c /usr/lib/gcc/arm-none-eabi/10.3.1/../../../arm-none-eabi/lib/thumb/v7e-m+fp/hard/libc_nano.a(lib_a-memchr.o)
 .ARM.attributes
                0x0000000000000b05       0x34 /usr/lib/gcc/arm-none-eabi/10.3.1/../../../arm-none-eabi/lib/thumb/v7e-m+fp/hard/libc_nano.a(lib_a-memmove.o)
 .ARM.attributes
                0x0000000000000b39       0x34 /usr/lib/gcc/arm-none-eabi/10.3.1/../../../arm-none-eabi/lib/thumb/v7e-m+fp/hard/libc_nano.a(lib_a-mlock.o)
 .ARM.attributes
                0x0000000000000b6d       0x34 /usr/lib/gcc/arm-none-eabi/10.3.1/../../../arm-none-eabi/lib/thumb/v7e-m+fp/hard/libc_nano.a(lib_a-nano-freer.o)
 .ARM.attributes
                0x0000000000000ba1       0x34 /usr/lib/gcc/arm-none-eabi/10.3.1/../../../arm-none-eabi/lib/thumb/v7e-m+fp/hard/libc_nano.a(lib_a-nano-reallocr.o)
 .ARM.attributes
                0x0000000000000bd5       0x34 /usr/lib/gcc/arm-none-eabi/10.3.1/../../../arm-none-eabi/lib/thumb/v7e-m+fp/hard/libc_nano.a(lib_a-readr.o)
 .ARM.attributes
                0x0000000000000c09       0x34 /usr/lib/gcc/arm-none-eabi/10.3.1/../../../arm-none-eabi/lib/thumb/v7e-m+fp/hard/libc_nano.a(lib_a-reent.o)
 .ARM.attributes
                0x0000000000000c3d       0x34 /usr/lib/gcc/arm-none-eabi/10.3.1/../../../arm-none-eabi/lib/thumb/v7e-m+fp/hard/libc_nano.a(lib_a-fstatr.o)
 .ARM.attributes
                0x0000000000000c71       0x34 /usr/lib/gcc/arm-none-eabi/10.3.1/../../../arm-none-eabi/lib/thumb/v7e-m+fp/hard/libc_nano.a(lib_a-isattyr.o)
 .ARM.attributes
                0x0000000000000ca5       0x34 /usr/lib/gcc/arm-none-eabi/10.3.1/../../../arm-none-eabi/lib/thumb/v7e-m+fp/hard/libc_nano.a(lib_a-nano-msizer.o)
 .ARM.attributes
                0x0000000000000cd9       0x1e /usr/lib/gcc/arm-none-eabi/10.3.1/thumb/v7e-m+fp/hard/libgcc.a(_aeabi_uldivmod.o)
 .ARM.attributes
                0x0000000000000cf7       0x34 /usr/lib/gcc/arm-none-eabi/10.3.1/thumb/v7e-m+fp/hard/libgcc.a(_udivmoddi4.o)
 .ARM.attributes
                0x0000000000000d2b       0x1e /usr/lib/gcc/arm-none-eabi/10.3.1/thumb/v7e-m+fp/hard/libgcc.a(_dvmd_tls.o)
 .ARM.attributes
                0x0000000000000d49       0x32 /usr/lib/gcc/arm-none-eabi/10.3.1/thumb/v7e-m+fp/hard/crtend.o
 .ARM.attributes
                0x0000000000000d7b       0x1e /usr/lib/gcc/arm-none-eabi/10.3.1/thumb/v7e-m+fp/hard/crtn.o

.comment        0x0000000000000000       0x33
 .comment       0x0000000000000000       0x33 /usr/lib/gcc/arm-none-eabi/10.3.1/thumb/v7e-m+fp/hard/crtbegin.o
                                         0x34 (size before relaxing)
 .comment       0x0000000000000033       0x34 build/main.o
 .comment       0x0000000000000033       0x34 build/gpio.o
 .comment       0x0000000000000033       0x34 build/dma.o
 .comment       0x0000000000000033       0x34 build/tim.o
 .comment       0x0000000000000033       0x34 build/usart.o
 .comment       0x0000000000000033       0x34 build/stm32f4xx_it.o
 .comment       0x0000000000000033       0x34 build/stm32f4xx_hal_msp.o
 .comment       0x0000000000000033       0x34 build/stm32-ffb-pro.o
 .comment       0x0000000000000033       0x34 build/stm32f4xx_hal_tim.o
 .comment       0x0000000000000033       0x34 build/stm32f4xx_hal_tim_ex.o
 .comment       0x0000000000000033       0x34 build/stm32f4xx_hal_rcc.o
 .comment       0x0000000000000033       0x34 build/stm32f4xx_hal_gpio.o
 .comment       0x0000000000000033       0x34 build/stm32f4xx_hal_dma.o
 .comment       0x0000000000000033       0x34 build/stm32f4xx_hal_cortex.o
 .comment       0x0000000000000033       0x34 build/stm32f4xx_hal.o
 .comment       0x0000000000000033       0x34 build/stm32f4xx_hal_uart.o
 .comment       0x0000000000000033       0x34 build/stm32f4xx_hal_pcd.o
 .comment       0x0000000000000033       0x34 build/stm32f4xx_hal_pcd_ex.o
 .comment       0x0000000000000033       0x34 build/stm32f4xx_ll_usb.o
 .comment       0x0000000000000033       0x34 build/system_stm32f4xx.o
 .comment       0x0000000000000033       0x34 build/sysmem.o
 .comment       0x0000000000000033       0x34 build/syscalls.o
 .comment       0x0000000000000033       0x34 build/usb_device.o
 .comment       0x0000000000000033       0x34 build/usbd_conf.o
 .comment       0x0000000000000033       0x34 build/usbd_desc.o
 .comment       0x0000000000000033       0x34 build/usbd_core.o
 .comment       0x0000000000000033       0x34 build/usbd_ctlreq.o
 .comment       0x0000000000000033       0x34 build/usbd_ioreq.o
 .comment       0x0000000000000033       0x34 build/usbd_hid.o
 .comment       0x0000000000000033       0x34 /usr/lib/gcc/arm-none-eabi/10.3.1/../../../arm-none-eabi/lib/thumb/v7e-m+fp/hard/libc_nano.a(lib_a-errno.o)
 .comment       0x0000000000000033       0x34 /usr/lib/gcc/arm-none-eabi/10.3.1/../../../arm-none-eabi/lib/thumb/v7e-m+fp/hard/libc_nano.a(lib_a-impure.o)
 .comment       0x0000000000000033       0x34 /usr/lib/gcc/arm-none-eabi/10.3.1/../../../arm-none-eabi/lib/thumb/v7e-m+fp/hard/libc_nano.a(lib_a-init.o)
 .comment       0x0000000000000033       0x34 /usr/lib/gcc/arm-none-eabi/10.3.1/../../../arm-none-eabi/lib/thumb/v7e-m+fp/hard/libc_nano.a(lib_a-memset.o)
 .comment       0x0000000000000033       0x34 /usr/lib/gcc/arm-none-eabi/10.3.1/../../../arm-none-eabi/lib/thumb/v7e-m+fp/hard/libc_nano.a(lib_a-printf.o)
 .comment       0x0000000000000033       0x34 /usr/lib/gcc/arm-none-eabi/10.3.1/../../../arm-none-eabi/lib/thumb/v7e-m+fp/hard/libc_nano.a(lib_a-putchar.o)
 .comment       0x0000000000000033       0x34 /usr/lib/gcc/arm-none-eabi/10.3.1/../../../arm-none-eabi/lib/thumb/v7e-m+fp/hard/libc_nano.a(lib_a-findfp.o)
 .comment       0x0000000000000033       0x34 /usr/lib/gcc/arm-none-eabi/10.3.1/../../../arm-none-eabi/lib/thumb/v7e-m+fp/hard/libc_nano.a(lib_a-fwalk.o)
 .comment       0x0000000000000033       0x34 /usr/lib/gcc/arm-none-eabi/10.3.1/../../../arm-none-eabi/lib/thumb/v7e-m+fp/hard/libc_nano.a(lib_a-nano-mallocr.o)
 .comment       0x0000000000000033       0x34 /usr/lib/gcc/arm-none-eabi/10.3.1/../../../arm-none-eabi/lib/thumb/v7e-m+fp/hard/libc_nano.a(lib_a-nano-vfprintf.o)
 .comment       0x0000000000000033       0x34 /usr/lib/gcc/arm-none-eabi/10.3.1/../../../arm-none-eabi/lib/thumb/v7e-m+fp/hard/libc_nano.a(lib_a-nano-vfprintf_i.o)
 .comment       0x0000000000000033       0x34 /usr/lib/gcc/arm-none-eabi/10.3.1/../../../arm-none-eabi/lib/thumb/v7e-m+fp/hard/libc_nano.a(lib_a-putc.o)
 .comment       0x0000000000000033       0x34 /usr/lib/gcc/arm-none-eabi/10.3.1/../../../arm-none-eabi/lib/thumb/v7e-m+fp/hard/libc_nano.a(lib_a-sbrkr.o)
 .comment       0x0000000000000033       0x34 /usr/lib/gcc/arm-none-eabi/10.3.1/../../../arm-none-eabi/lib/thumb/v7e-m+fp/hard/libc_nano.a(lib_a-stdio.o)
 .comment       0x0000000000000033       0x34 /usr/lib/gcc/arm-none-eabi/10.3.1/../../../arm-none-eabi/lib/thumb/v7e-m+fp/hard/libc_nano.a(lib_a-wbuf.o)
 .comment       0x0000000000000033       0x34 /usr/lib/gcc/arm-none-eabi/10.3.1/../../../arm-none-eabi/lib/thumb/v7e-m+fp/hard/libc_nano.a(lib_a-writer.o)
 .comment       0x0000000000000033       0x34 /usr/lib/gcc/arm-none-eabi/10.3.1/../../../arm-none-eabi/lib/thumb/v7e-m+fp/hard/libc_nano.a(lib_a-wsetup.o)
 .comment       0x0000000000000033       0x34 /usr/lib/gcc/arm-none-eabi/10.3.1/../../../arm-none-eabi/lib/thumb/v7e-m+fp/hard/libc_nano.a(lib_a-closer.o)
 .comment       0x0000000000000033       0x34 /usr/lib/gcc/arm-none-eabi/10.3.1/../../../arm-none-eabi/lib/thumb/v7e-m+fp/hard/libc_nano.a(lib_a-fflush.o)
 .comment       0x0000000000000033       0x34 /usr/lib/gcc/arm-none-eabi/10.3.1/../../../arm-none-eabi/lib/thumb/v7e-m+fp/hard/libc_nano.a(lib_a-fvwrite.o)
 .comment       0x0000000000000033       0x34 /usr/lib/gcc/arm-none-eabi/10.3.1/../../../arm-none-eabi/lib/thumb/v7e-m+fp/hard/libc_nano.a(lib_a-lseekr.o)
 .comment       0x0000000000000033       0x34 /usr/lib/gcc/arm-none-eabi/10.3.1/../../../arm-none-eabi/lib/thumb/v7e-m+fp/hard/libc_nano.a(lib_a-makebuf.o)
 .comment       0x0000000000000033       0x34 /usr/lib/gcc/arm-none-eabi/10.3.1/../../../arm-none-eabi/lib/thumb/v7e-m+fp/hard/libc_nano.a(lib_a-memmove.o)
 .comment       0x0000000000000033       0x34 /usr/lib/gcc/arm-none-eabi/10.3.1/../../../arm-none-eabi/lib/thumb/v7e-m+fp/hard/libc_nano.a(lib_a-mlock.o)
 .comment       0x0000000000000033       0x34 /usr/lib/gcc/arm-none-eabi/10.3.1/../../../arm-none-eabi/lib/thumb/v7e-m+fp/hard/libc_nano.a(lib_a-nano-freer.o)
 .comment       0x0000000000000033       0x34 /usr/lib/gcc/arm-none-eabi/10.3.1/../../../arm-none-eabi/lib/thumb/v7e-m+fp/hard/libc_nano.a(lib_a-nano-reallocr.o)
 .comment       0x0000000000000033       0x34 /usr/lib/gcc/arm-none-eabi/10.3.1/../../../arm-none-eabi/lib/thumb/v7e-m+fp/hard/libc_nano.a(lib_a-readr.o)
 .comment       0x0000000000000033       0x34 /usr/lib/gcc/arm-none-eabi/10.3.1/../../../arm-none-eabi/lib/thumb/v7e-m+fp/hard/libc_nano.a(lib_a-reent.o)
 .comment       0x0000000000000033       0x34 /usr/lib/gcc/arm-none-eabi/10.3.1/../../../arm-none-eabi/lib/thumb/v7e-m+fp/hard/libc_nano.a(lib_a-fstatr.o)
 .comment       0x0000000000000033       0x34 /usr/lib/gcc/arm-none-eabi/10.3.1/../../../arm-none-eabi/lib/thumb/v7e-m+fp/hard/libc_nano.a(lib_a-isattyr.o)
 .comment       0x0000000000000033       0x34 /usr/lib/gcc/arm-none-eabi/10.3.1/../../../arm-none-eabi/lib/thumb/v7e-m+fp/hard/libc_nano.a(lib_a-nano-msizer.o)
 .comment       0x0000000000000033       0x34 /usr/lib/gcc/arm-none-eabi/10.3.1/thumb/v7e-m+fp/hard/libgcc.a(_udivmoddi4.o)
 .comment       0x0000000000000033       0x34 /usr/lib/gcc/arm-none-eabi/10.3.1/thumb/v7e-m+fp/hard/crtend.o

.debug_info     0x0000000000000000    0x327d9
 .debug_info    0x0000000000000000      0xc80 build/main.o
 .debug_info    0x0000000000000c80      0x78e build/gpio.o
 .debug_info    0x000000000000140e      0x55d build/dma.o
 .debug_info    0x000000000000196b     0x1079 build/tim.o
 .debug_info    0x00000000000029e4      0xda5 build/usart.o
 .debug_info    0x0000000000003789     0x11cf build/stm32f4xx_it.o
 .debug_info    0x0000000000004958      0x311 build/stm32f4xx_hal_msp.o
 .debug_info    0x0000000000004c69     0x1a08 build/stm32-ffb-pro.o
 .debug_info    0x0000000000006671     0x40ac build/stm32f4xx_hal_tim.o
 .debug_info    0x000000000000a71d     0x1c6f build/stm32f4xx_hal_tim_ex.o
 .debug_info    0x000000000000c38c      0xbe3 build/stm32f4xx_hal_rcc.o
 .debug_info    0x000000000000cf6f      0x84e build/stm32f4xx_hal_gpio.o
 .debug_info    0x000000000000d7bd      0xbb1 build/stm32f4xx_hal_dma.o
 .debug_info    0x000000000000e36e     0x1112 build/stm32f4xx_hal_cortex.o
 .debug_info    0x000000000000f480      0xa5a build/stm32f4xx_hal.o
 .debug_info    0x000000000000feda     0x42f6 build/stm32f4xx_hal_uart.o
 .debug_info    0x00000000000141d0     0x1ceb build/stm32f4xx_hal_pcd.o
 .debug_info    0x0000000000015ebb      0x7a7 build/stm32f4xx_hal_pcd_ex.o
 .debug_info    0x0000000000016662     0x21e8 build/stm32f4xx_ll_usb.o
 .debug_info    0x000000000001884a      0x5cd build/system_stm32f4xx.o
 .debug_info    0x0000000000018e17      0x16d build/sysmem.o
 .debug_info    0x0000000000018f84      0x835 build/syscalls.o
 .debug_info    0x00000000000197b9      0x6f8 build/usb_device.o
 .debug_info    0x0000000000019eb1     0x2192 build/usbd_conf.o
 .debug_info    0x000000000001c043      0x639 build/usbd_desc.o
 .debug_info    0x000000000001c67c     0x13ef build/usbd_core.o
 .debug_info    0x000000000001da6b     0x14c9 build/usbd_ctlreq.o
 .debug_info    0x000000000001ef34      0x972 build/usbd_ioreq.o
 .debug_info    0x000000000001f8a6      0xd20 build/usbd_hid.o
 .debug_info    0x00000000000205c6       0x22 build/startup_stm32f411xe.o
 .debug_info    0x00000000000205e8      0x7ae /usr/lib/gcc/arm-none-eabi/10.3.1/../../../arm-none-eabi/lib/thumb/v7e-m+fp/hard/libc_nano.a(lib_a-errno.o)
 .debug_info    0x0000000000020d96      0x863 /usr/lib/gcc/arm-none-eabi/10.3.1/../../../arm-none-eabi/lib/thumb/v7e-m+fp/hard/libc_nano.a(lib_a-impure.o)
 .debug_info    0x00000000000215f9      0x11a /usr/lib/gcc/arm-none-eabi/10.3.1/../../../arm-none-eabi/lib/thumb/v7e-m+fp/hard/libc_nano.a(lib_a-init.o)
 .debug_info    0x0000000000021713       0x26 /usr/lib/gcc/arm-none-eabi/10.3.1/../../../arm-none-eabi/lib/thumb/v7e-m+fp/hard/libc_nano.a(lib_a-memcpy.o)
 .debug_info    0x0000000000021739      0x137 /usr/lib/gcc/arm-none-eabi/10.3.1/../../../arm-none-eabi/lib/thumb/v7e-m+fp/hard/libc_nano.a(lib_a-memset.o)
 .debug_info    0x0000000000021870      0x8fd /usr/lib/gcc/arm-none-eabi/10.3.1/../../../arm-none-eabi/lib/thumb/v7e-m+fp/hard/libc_nano.a(lib_a-printf.o)
 .debug_info    0x000000000002216d      0x865 /usr/lib/gcc/arm-none-eabi/10.3.1/../../../arm-none-eabi/lib/thumb/v7e-m+fp/hard/libc_nano.a(lib_a-putchar.o)
 .debug_info    0x00000000000229d2      0xfae /usr/lib/gcc/arm-none-eabi/10.3.1/../../../arm-none-eabi/lib/thumb/v7e-m+fp/hard/libc_nano.a(lib_a-findfp.o)
 .debug_info    0x0000000000023980      0x900 /usr/lib/gcc/arm-none-eabi/10.3.1/../../../arm-none-eabi/lib/thumb/v7e-m+fp/hard/libc_nano.a(lib_a-fwalk.o)
 .debug_info    0x0000000000024280      0xa0c /usr/lib/gcc/arm-none-eabi/10.3.1/../../../arm-none-eabi/lib/thumb/v7e-m+fp/hard/libc_nano.a(lib_a-nano-mallocr.o)
 .debug_info    0x0000000000024c8c     0x115f /usr/lib/gcc/arm-none-eabi/10.3.1/../../../arm-none-eabi/lib/thumb/v7e-m+fp/hard/libc_nano.a(lib_a-nano-vfprintf.o)
 .debug_info    0x0000000000025deb      0xe9e /usr/lib/gcc/arm-none-eabi/10.3.1/../../../arm-none-eabi/lib/thumb/v7e-m+fp/hard/libc_nano.a(lib_a-nano-vfprintf_i.o)
 .debug_info    0x0000000000026c89      0xa45 /usr/lib/gcc/arm-none-eabi/10.3.1/../../../arm-none-eabi/lib/thumb/v7e-m+fp/hard/libc_nano.a(lib_a-putc.o)
 .debug_info    0x00000000000276ce      0x828 /usr/lib/gcc/arm-none-eabi/10.3.1/../../../arm-none-eabi/lib/thumb/v7e-m+fp/hard/libc_nano.a(lib_a-sbrkr.o)
 .debug_info    0x0000000000027ef6      0xabc /usr/lib/gcc/arm-none-eabi/10.3.1/../../../arm-none-eabi/lib/thumb/v7e-m+fp/hard/libc_nano.a(lib_a-stdio.o)
 .debug_info    0x00000000000289b2      0x998 /usr/lib/gcc/arm-none-eabi/10.3.1/../../../arm-none-eabi/lib/thumb/v7e-m+fp/hard/libc_nano.a(lib_a-wbuf.o)
 .debug_info    0x000000000002934a      0x85a /usr/lib/gcc/arm-none-eabi/10.3.1/../../../arm-none-eabi/lib/thumb/v7e-m+fp/hard/libc_nano.a(lib_a-writer.o)
 .debug_info    0x0000000000029ba4      0x902 /usr/lib/gcc/arm-none-eabi/10.3.1/../../../arm-none-eabi/lib/thumb/v7e-m+fp/hard/libc_nano.a(lib_a-wsetup.o)
 .debug_info    0x000000000002a4a6      0x805 /usr/lib/gcc/arm-none-eabi/10.3.1/../../../arm-none-eabi/lib/thumb/v7e-m+fp/hard/libc_nano.a(lib_a-closer.o)
 .debug_info    0x000000000002acab      0xb0d /usr/lib/gcc/arm-none-eabi/10.3.1/../../../arm-none-eabi/lib/thumb/v7e-m+fp/hard/libc_nano.a(lib_a-fflush.o)
 .debug_info    0x000000000002b7b8      0xb5e /usr/lib/gcc/arm-none-eabi/10.3.1/../../../arm-none-eabi/lib/thumb/v7e-m+fp/hard/libc_nano.a(lib_a-fvwrite.o)
 .debug_info    0x000000000002c316      0x83b /usr/lib/gcc/arm-none-eabi/10.3.1/../../../arm-none-eabi/lib/thumb/v7e-m+fp/hard/libc_nano.a(lib_a-lseekr.o)
 .debug_info    0x000000000002cb51      0xc8a /usr/lib/gcc/arm-none-eabi/10.3.1/../../../arm-none-eabi/lib/thumb/v7e-m+fp/hard/libc_nano.a(lib_a-makebuf.o)
 .debug_info    0x000000000002d7db       0x26 /usr/lib/gcc/arm-none-eabi/10.3.1/../../../arm-none-eabi/lib/thumb/v7e-m+fp/hard/libc_nano.a(lib_a-memchr.o)
 .debug_info    0x000000000002d801      0x152 /usr/lib/gcc/arm-none-eabi/10.3.1/../../../arm-none-eabi/lib/thumb/v7e-m+fp/hard/libc_nano.a(lib_a-memmove.o)
 .debug_info    0x000000000002d953      0x7dc /usr/lib/gcc/arm-none-eabi/10.3.1/../../../arm-none-eabi/lib/thumb/v7e-m+fp/hard/libc_nano.a(lib_a-mlock.o)
 .debug_info    0x000000000002e12f      0x903 /usr/lib/gcc/arm-none-eabi/10.3.1/../../../arm-none-eabi/lib/thumb/v7e-m+fp/hard/libc_nano.a(lib_a-nano-freer.o)
 .debug_info    0x000000000002ea32      0x911 /usr/lib/gcc/arm-none-eabi/10.3.1/../../../arm-none-eabi/lib/thumb/v7e-m+fp/hard/libc_nano.a(lib_a-nano-reallocr.o)
 .debug_info    0x000000000002f343      0x853 /usr/lib/gcc/arm-none-eabi/10.3.1/../../../arm-none-eabi/lib/thumb/v7e-m+fp/hard/libc_nano.a(lib_a-readr.o)
 .debug_info    0x000000000002fb96      0xa7e /usr/lib/gcc/arm-none-eabi/10.3.1/../../../arm-none-eabi/lib/thumb/v7e-m+fp/hard/libc_nano.a(lib_a-reent.o)
 .debug_info    0x0000000000030614      0xa1d /usr/lib/gcc/arm-none-eabi/10.3.1/../../../arm-none-eabi/lib/thumb/v7e-m+fp/hard/libc_nano.a(lib_a-fstatr.o)
 .debug_info    0x0000000000031031      0x805 /usr/lib/gcc/arm-none-eabi/10.3.1/../../../arm-none-eabi/lib/thumb/v7e-m+fp/hard/libc_nano.a(lib_a-isattyr.o)
 .debug_info    0x0000000000031836      0x840 /usr/lib/gcc/arm-none-eabi/10.3.1/../../../arm-none-eabi/lib/thumb/v7e-m+fp/hard/libc_nano.a(lib_a-nano-msizer.o)
 .debug_info    0x0000000000032076       0x26 /usr/lib/gcc/arm-none-eabi/10.3.1/thumb/v7e-m+fp/hard/libgcc.a(_aeabi_uldivmod.o)
 .debug_info    0x000000000003209c      0x717 /usr/lib/gcc/arm-none-eabi/10.3.1/thumb/v7e-m+fp/hard/libgcc.a(_udivmoddi4.o)
 .debug_info    0x00000000000327b3       0x26 /usr/lib/gcc/arm-none-eabi/10.3.1/thumb/v7e-m+fp/hard/libgcc.a(_dvmd_tls.o)

.debug_abbrev   0x0000000000000000     0x7ecd
 .debug_abbrev  0x0000000000000000      0x235 build/main.o
 .debug_abbrev  0x0000000000000235      0x16e build/gpio.o
 .debug_abbrev  0x00000000000003a3      0x129 build/dma.o
 .debug_abbrev  0x00000000000004cc      0x206 build/tim.o
 .debug_abbrev  0x00000000000006d2      0x1fa build/usart.o
 .debug_abbrev  0x00000000000008cc      0x1f0 build/stm32f4xx_it.o
 .debug_abbrev  0x0000000000000abc       0xd3 build/stm32f4xx_hal_msp.o
 .debug_abbrev  0x0000000000000b8f      0x338 build/stm32-ffb-pro.o
 .debug_abbrev  0x0000000000000ec7      0x29a build/stm32f4xx_hal_tim.o
 .debug_abbrev  0x0000000000001161      0x2b0 build/stm32f4xx_hal_tim_ex.o
 .debug_abbrev  0x0000000000001411      0x2aa build/stm32f4xx_hal_rcc.o
 .debug_abbrev  0x00000000000016bb      0x22b build/stm32f4xx_hal_gpio.o
 .debug_abbrev  0x00000000000018e6      0x2bf build/stm32f4xx_hal_dma.o
 .debug_abbrev  0x0000000000001ba5      0x379 build/stm32f4xx_hal_cortex.o
 .debug_abbrev  0x0000000000001f1e      0x23a build/stm32f4xx_hal.o
 .debug_abbrev  0x0000000000002158      0x367 build/stm32f4xx_hal_uart.o
 .debug_abbrev  0x00000000000024bf      0x2d8 build/stm32f4xx_hal_pcd.o
 .debug_abbrev  0x0000000000002797      0x1c5 build/stm32f4xx_hal_pcd_ex.o
 .debug_abbrev  0x000000000000295c      0x300 build/stm32f4xx_ll_usb.o
 .debug_abbrev  0x0000000000002c5c      0x11b build/system_stm32f4xx.o
 .debug_abbrev  0x0000000000002d77       0xea build/sysmem.o
 .debug_abbrev  0x0000000000002e61      0x1c4 build/syscalls.o
 .debug_abbrev  0x0000000000003025      0x17f build/usb_device.o
 .debug_abbrev  0x00000000000031a4      0x2eb build/usbd_conf.o
 .debug_abbrev  0x000000000000348f      0x22c build/usbd_desc.o
 .debug_abbrev  0x00000000000036bb      0x2ca build/usbd_core.o
 .debug_abbrev  0x0000000000003985      0x358 build/usbd_ctlreq.o
 .debug_abbrev  0x0000000000003cdd      0x176 build/usbd_ioreq.o
 .debug_abbrev  0x0000000000003e53      0x2b9 build/usbd_hid.o
 .debug_abbrev  0x000000000000410c       0x12 build/startup_stm32f411xe.o
 .debug_abbrev  0x000000000000411e      0x157 /usr/lib/gcc/arm-none-eabi/10.3.1/../../../arm-none-eabi/lib/thumb/v7e-m+fp/hard/libc_nano.a(lib_a-errno.o)
 .debug_abbrev  0x0000000000004275      0x151 /usr/lib/gcc/arm-none-eabi/10.3.1/../../../arm-none-eabi/lib/thumb/v7e-m+fp/hard/libc_nano.a(lib_a-impure.o)
 .debug_abbrev  0x00000000000043c6       0xcc /usr/lib/gcc/arm-none-eabi/10.3.1/../../../arm-none-eabi/lib/thumb/v7e-m+fp/hard/libc_nano.a(lib_a-init.o)
 .debug_abbrev  0x0000000000004492       0x14 /usr/lib/gcc/arm-none-eabi/10.3.1/../../../arm-none-eabi/lib/thumb/v7e-m+fp/hard/libc_nano.a(lib_a-memcpy.o)
 .debug_abbrev  0x00000000000044a6       0xb4 /usr/lib/gcc/arm-none-eabi/10.3.1/../../../arm-none-eabi/lib/thumb/v7e-m+fp/hard/libc_nano.a(lib_a-memset.o)
 .debug_abbrev  0x000000000000455a      0x23e /usr/lib/gcc/arm-none-eabi/10.3.1/../../../arm-none-eabi/lib/thumb/v7e-m+fp/hard/libc_nano.a(lib_a-printf.o)
 .debug_abbrev  0x0000000000004798      0x205 /usr/lib/gcc/arm-none-eabi/10.3.1/../../../arm-none-eabi/lib/thumb/v7e-m+fp/hard/libc_nano.a(lib_a-putchar.o)
 .debug_abbrev  0x000000000000499d      0x3cd /usr/lib/gcc/arm-none-eabi/10.3.1/../../../arm-none-eabi/lib/thumb/v7e-m+fp/hard/libc_nano.a(lib_a-findfp.o)
 .debug_abbrev  0x0000000000004d6a      0x197 /usr/lib/gcc/arm-none-eabi/10.3.1/../../../arm-none-eabi/lib/thumb/v7e-m+fp/hard/libc_nano.a(lib_a-fwalk.o)
 .debug_abbrev  0x0000000000004f01      0x290 /usr/lib/gcc/arm-none-eabi/10.3.1/../../../arm-none-eabi/lib/thumb/v7e-m+fp/hard/libc_nano.a(lib_a-nano-mallocr.o)
 .debug_abbrev  0x0000000000005191      0x358 /usr/lib/gcc/arm-none-eabi/10.3.1/../../../arm-none-eabi/lib/thumb/v7e-m+fp/hard/libc_nano.a(lib_a-nano-vfprintf.o)
 .debug_abbrev  0x00000000000054e9      0x25c /usr/lib/gcc/arm-none-eabi/10.3.1/../../../arm-none-eabi/lib/thumb/v7e-m+fp/hard/libc_nano.a(lib_a-nano-vfprintf_i.o)
 .debug_abbrev  0x0000000000005745      0x260 /usr/lib/gcc/arm-none-eabi/10.3.1/../../../arm-none-eabi/lib/thumb/v7e-m+fp/hard/libc_nano.a(lib_a-putc.o)
 .debug_abbrev  0x00000000000059a5      0x1d6 /usr/lib/gcc/arm-none-eabi/10.3.1/../../../arm-none-eabi/lib/thumb/v7e-m+fp/hard/libc_nano.a(lib_a-sbrkr.o)
 .debug_abbrev  0x0000000000005b7b      0x1fb /usr/lib/gcc/arm-none-eabi/10.3.1/../../../arm-none-eabi/lib/thumb/v7e-m+fp/hard/libc_nano.a(lib_a-stdio.o)
 .debug_abbrev  0x0000000000005d76      0x21f /usr/lib/gcc/arm-none-eabi/10.3.1/../../../arm-none-eabi/lib/thumb/v7e-m+fp/hard/libc_nano.a(lib_a-wbuf.o)
 .debug_abbrev  0x0000000000005f95      0x1b0 /usr/lib/gcc/arm-none-eabi/10.3.1/../../../arm-none-eabi/lib/thumb/v7e-m+fp/hard/libc_nano.a(lib_a-writer.o)
 .debug_abbrev  0x0000000000006145      0x1d4 /usr/lib/gcc/arm-none-eabi/10.3.1/../../../arm-none-eabi/lib/thumb/v7e-m+fp/hard/libc_nano.a(lib_a-wsetup.o)
 .debug_abbrev  0x0000000000006319      0x1ab /usr/lib/gcc/arm-none-eabi/10.3.1/../../../arm-none-eabi/lib/thumb/v7e-m+fp/hard/libc_nano.a(lib_a-closer.o)
 .debug_abbrev  0x00000000000064c4      0x2dd /usr/lib/gcc/arm-none-eabi/10.3.1/../../../arm-none-eabi/lib/thumb/v7e-m+fp/hard/libc_nano.a(lib_a-fflush.o)
 .debug_abbrev  0x00000000000067a1      0x1f7 /usr/lib/gcc/arm-none-eabi/10.3.1/../../../arm-none-eabi/lib/thumb/v7e-m+fp/hard/libc_nano.a(lib_a-fvwrite.o)
 .debug_abbrev  0x0000000000006998      0x1bf /usr/lib/gcc/arm-none-eabi/10.3.1/../../../arm-none-eabi/lib/thumb/v7e-m+fp/hard/libc_nano.a(lib_a-lseekr.o)
 .debug_abbrev  0x0000000000006b57      0x278 /usr/lib/gcc/arm-none-eabi/10.3.1/../../../arm-none-eabi/lib/thumb/v7e-m+fp/hard/libc_nano.a(lib_a-makebuf.o)
 .debug_abbrev  0x0000000000006dcf       0x14 /usr/lib/gcc/arm-none-eabi/10.3.1/../../../arm-none-eabi/lib/thumb/v7e-m+fp/hard/libc_nano.a(lib_a-memchr.o)
 .debug_abbrev  0x0000000000006de3       0xc0 /usr/lib/gcc/arm-none-eabi/10.3.1/../../../arm-none-eabi/lib/thumb/v7e-m+fp/hard/libc_nano.a(lib_a-memmove.o)
 .debug_abbrev  0x0000000000006ea3      0x189 /usr/lib/gcc/arm-none-eabi/10.3.1/../../../arm-none-eabi/lib/thumb/v7e-m+fp/hard/libc_nano.a(lib_a-mlock.o)
 .debug_abbrev  0x000000000000702c      0x235 /usr/lib/gcc/arm-none-eabi/10.3.1/../../../arm-none-eabi/lib/thumb/v7e-m+fp/hard/libc_nano.a(lib_a-nano-freer.o)
 .debug_abbrev  0x0000000000007261      0x1d6 /usr/lib/gcc/arm-none-eabi/10.3.1/../../../arm-none-eabi/lib/thumb/v7e-m+fp/hard/libc_nano.a(lib_a-nano-reallocr.o)
 .debug_abbrev  0x0000000000007437      0x1ab /usr/lib/gcc/arm-none-eabi/10.3.1/../../../arm-none-eabi/lib/thumb/v7e-m+fp/hard/libc_nano.a(lib_a-readr.o)
 .debug_abbrev  0x00000000000075e2      0x265 /usr/lib/gcc/arm-none-eabi/10.3.1/../../../arm-none-eabi/lib/thumb/v7e-m+fp/hard/libc_nano.a(lib_a-reent.o)
 .debug_abbrev  0x0000000000007847      0x1bf /usr/lib/gcc/arm-none-eabi/10.3.1/../../../arm-none-eabi/lib/thumb/v7e-m+fp/hard/libc_nano.a(lib_a-fstatr.o)